Copyright 1986-2019 Xilinx, Inc. All Rights Reserved.
------------------------------------------------------------------------------------
| Tool Version : Vivado v.2019.2 (win64) Build 2708876 Wed Nov  6 21:40:23 MST 2019
| Date         : Tue Aug 11 15:06:20 2026
| Host         : LAPTOP-C1GK89UB running 64-bit major release  (build 9200)
| Command      : report_clocks -file D:/FPGA/reports/dma_batch/impl/clocks.rpt
| Design       : system_wrapper
| Device       : 7z015-clg485
| Speed File   : -2  PRODUCTION 1.11 2014-09-11
------------------------------------------------------------------------------------

Clock Report


Attributes
  P: Propagated
  G: Generated
  A: Auto-derived
  R: Renamed
  V: Virtual
  I: Inverted
  S: Pin phase-shifted with Latency mode

Clock       Period(ns)  Waveform(ns)   Attributes  Sources
clk_fpga_0  10.000      {0.000 5.000}  P           {system_i/processing_system7_0/inst/PS7_i/FCLKCLK[0]}
clk_fpga_1  6.666       {0.000 3.333}  P           {system_i/processing_system7_0/inst/PS7_i/FCLKCLK[1]}


====================================================
Generated Clocks
====================================================



====================================================
User Uncertainty
====================================================



====================================================
User Jitter
====================================================

Clock       Jitter(ns)
clk_fpga_0  0.300
clk_fpga_1  0.200

