Copyright 1986-2019 Xilinx, Inc. All Rights Reserved.
------------------------------------------------------------------------------------------------------------------------------------------
| Tool Version : Vivado v.2019.2 (win64) Build 2708876 Wed Nov  6 21:40:23 MST 2019
| Date         : Tue Aug 11 15:06:15 2026
| Host         : LAPTOP-C1GK89UB running 64-bit major release  (build 9200)
| Command      : report_utilization -hierarchical -hierarchical_depth 6 -file D:/FPGA/reports/dma_batch/impl/utilization_hierarchical.rpt
| Design       : system_wrapper
| Device       : 7z015clg485-2
| Design State : Physopt postRoute
------------------------------------------------------------------------------------------------------------------------------------------

Utilization Design Information

Table of Contents
-----------------
1. Utilization by Hierarchy

1. Utilization by Hierarchy
---------------------------

+--------------------------------------------------------------------+------------------------------------------------------------------------------------------------------+------------+------------+---------+------+-------+--------+--------+--------------+
|                              Instance                              |                                                Module                                                | Total LUTs | Logic LUTs | LUTRAMs | SRLs |  FFs  | RAMB36 | RAMB18 | DSP48 Blocks |
+--------------------------------------------------------------------+------------------------------------------------------------------------------------------------------+------------+------------+---------+------+-------+--------+--------+--------------+
| system_wrapper                                                     |                                                                                                (top) |      31133 |      23080 |    7882 |  171 | 16707 |     14 |     14 |           78 |
|   system_i                                                         |                                                                                               system |      31133 |      23080 |    7882 |  171 | 16707 |     14 |     14 |           78 |
|     (system_i)                                                     |                                                                                               system |          0 |          0 |       0 |    0 |     0 |      0 |      0 |            0 |
|     axi_dma_0                                                      |                                                                                   system_axi_dma_0_8 |       2369 |       2238 |      24 |  107 |  3881 |      6 |      4 |            0 |
|       U0                                                           |                                                                          system_axi_dma_0_8__axi_dma |       2369 |       2238 |      24 |  107 |  3881 |      6 |      4 |            0 |
|         (U0)                                                       |                                                                          system_axi_dma_0_8__axi_dma |          0 |          0 |       0 |    0 |     0 |      0 |      0 |            0 |
|         INCLUDE_MM2S_SOF_EOF_GENERATOR.I_MM2S_DMA_MNGR             |                                                                system_axi_dma_0_8__axi_dma_mm2s_mngr |         15 |         15 |       0 |    0 |    77 |      0 |      0 |            0 |
|           (INCLUDE_MM2S_SOF_EOF_GENERATOR.I_MM2S_DMA_MNGR)         |                                                                system_axi_dma_0_8__axi_dma_mm2s_mngr |          0 |          0 |       0 |    0 |     1 |      0 |      0 |            0 |
|           GEN_MM2S_DMA_CONTROL.GEN_SIMPLE_DMA_MODE.I_MM2S_SMPL_SM  |                                                             system_axi_dma_0_8__axi_dma_smple_sm_108 |          9 |          9 |       0 |    0 |    62 |      0 |      0 |            0 |
|           GEN_MM2S_DMA_CONTROL.I_MM2S_CMDSTS                       |                                                           system_axi_dma_0_8__axi_dma_mm2s_cmdsts_if |          4 |          4 |       0 |    0 |     7 |      0 |      0 |            0 |
|           GEN_MM2S_DMA_CONTROL.I_MM2S_STS_MNGR                     |                                                            system_axi_dma_0_8__axi_dma_mm2s_sts_mngr |          2 |          2 |       0 |    0 |     7 |      0 |      0 |            0 |
|             (GEN_MM2S_DMA_CONTROL.I_MM2S_STS_MNGR)                 |                                                            system_axi_dma_0_8__axi_dma_mm2s_sts_mngr |          2 |          2 |       0 |    0 |     3 |      0 |      0 |            0 |
|             GEN_FOR_ASYNC.AWVLD_CDC_TO                             |                                                                     system_axi_dma_0_8__cdc_sync_109 |          0 |          0 |       0 |    0 |     4 |      0 |      0 |            0 |
|         INCLUDE_S2MM_SOF_EOF_GENERATOR.I_S2MM_DMA_MNGR             |                                                                system_axi_dma_0_8__axi_dma_s2mm_mngr |         28 |         28 |       0 |    0 |   102 |      0 |      0 |            0 |
|           (INCLUDE_S2MM_SOF_EOF_GENERATOR.I_S2MM_DMA_MNGR)         |                                                                system_axi_dma_0_8__axi_dma_s2mm_mngr |          0 |          0 |       0 |    0 |     1 |      0 |      0 |            0 |
|           GEN_S2MM_DMA_CONTROL.GEN_SIMPLE_DMA_MODE.I_S2MM_SMPL_SM  |                                                                 system_axi_dma_0_8__axi_dma_smple_sm |          9 |          9 |       0 |    0 |    62 |      0 |      0 |            0 |
|           GEN_S2MM_DMA_CONTROL.I_S2MM_CMDSTS                       |                                                           system_axi_dma_0_8__axi_dma_s2mm_cmdsts_if |         17 |         17 |       0 |    0 |    32 |      0 |      0 |            0 |
|           GEN_S2MM_DMA_CONTROL.I_S2MM_STS_MNGR                     |                                                            system_axi_dma_0_8__axi_dma_s2mm_sts_mngr |          2 |          2 |       0 |    0 |     7 |      0 |      0 |            0 |
|             (GEN_S2MM_DMA_CONTROL.I_S2MM_STS_MNGR)                 |                                                            system_axi_dma_0_8__axi_dma_s2mm_sts_mngr |          2 |          2 |       0 |    0 |     3 |      0 |      0 |            0 |
|             GEN_FOR_ASYNC.REG_TO_SECONDARY                         |                                                                     system_axi_dma_0_8__cdc_sync_104 |          0 |          0 |       0 |    0 |     4 |      0 |      0 |            0 |
|         I_AXI_DMA_REG_MODULE                                       |                                                               system_axi_dma_0_8__axi_dma_reg_module |        141 |        141 |       0 |    0 |   526 |      0 |      0 |            0 |
|           GEN_AXI_LITE_IF.AXI_LITE_IF_I                            |                                                                  system_axi_dma_0_8__axi_dma_lite_if |        120 |        120 |       0 |    0 |   342 |      0 |      0 |            0 |
|             (GEN_AXI_LITE_IF.AXI_LITE_IF_I)                        |                                                                  system_axi_dma_0_8__axi_dma_lite_if |         95 |         95 |       0 |    0 |   117 |      0 |      0 |            0 |
|             GEN_ASYNC_READ.REG_ARVALID_TO_IPCLK                    |                                                         system_axi_dma_0_8__cdc_sync__parameterized3 |          1 |          1 |       0 |    0 |     4 |      0 |      0 |            0 |
|             GEN_ASYNC_READ.REG_DATA2LITE_CLOCK                     |                                                         system_axi_dma_0_8__cdc_sync__parameterized4 |          0 |          0 |       0 |    0 |   128 |      0 |      0 |            0 |
|             GEN_ASYNC_READ.REG_RADDR_TO_IPCLK                      |                                                         system_axi_dma_0_8__cdc_sync__parameterized2 |          0 |          0 |       0 |    0 |    40 |      0 |      0 |            0 |
|             GEN_ASYNC_WRITE.AWVLD_CDC_TO                           |                                                                      system_axi_dma_0_8__cdc_sync_97 |          1 |          1 |       0 |    0 |     4 |      0 |      0 |            0 |
|             GEN_ASYNC_WRITE.REG2_WREADY                            |                                                                      system_axi_dma_0_8__cdc_sync_98 |          1 |          1 |       0 |    0 |     4 |      0 |      0 |            0 |
|             GEN_ASYNC_WRITE.REG3_WREADY                            |                                                                      system_axi_dma_0_8__cdc_sync_99 |          1 |          1 |       0 |    0 |     4 |      0 |      0 |            0 |
|             GEN_ASYNC_WRITE.REG_WADDR_TO_IPCLK                     |                                                         system_axi_dma_0_8__cdc_sync__parameterized0 |          8 |          8 |       0 |    0 |     5 |      0 |      0 |            0 |
|             GEN_ASYNC_WRITE.REG_WADDR_TO_IPCLK1                    |                                                         system_axi_dma_0_8__cdc_sync__parameterized1 |         12 |         12 |       0 |    0 |    32 |      0 |      0 |            0 |
|             GEN_ASYNC_WRITE.WVLD_CDC_TO                            |                                                                     system_axi_dma_0_8__cdc_sync_100 |          1 |          1 |       0 |    0 |     4 |      0 |      0 |            0 |
|           GEN_MM2S_REGISTERS.GEN_INTROUT_ASYNC.PROC_REG_INTR2LITE  |                                                                      system_axi_dma_0_8__cdc_sync_95 |          0 |          0 |       0 |    0 |     4 |      0 |      0 |            0 |
|           GEN_MM2S_REGISTERS.I_MM2S_DMA_REGISTER                   |                                                                 system_axi_dma_0_8__axi_dma_register |         11 |         11 |       0 |    0 |    88 |      0 |      0 |            0 |
|           GEN_S2MM_REGISTERS.GEN_INTROUT_ASYNC.PROC_REG_INTR2LITE  |                                                                      system_axi_dma_0_8__cdc_sync_96 |          0 |          0 |       0 |    0 |     4 |      0 |      0 |            0 |
|           GEN_S2MM_REGISTERS.I_S2MM_DMA_REGISTER                   |                                                            system_axi_dma_0_8__axi_dma_register_s2mm |         10 |         10 |       0 |    0 |    88 |      0 |      0 |            0 |
|         I_PRMRY_DATAMOVER                                          |                                                                    system_axi_dma_0_8__axi_datamover |       2166 |       2035 |      24 |  107 |  3090 |      6 |      4 |            0 |
|           GEN_MM2S_FULL.I_MM2S_FULL_WRAPPER                        |                                                     system_axi_dma_0_8__axi_datamover_mm2s_full_wrap |        687 |        643 |       0 |   44 |   917 |      3 |      2 |            0 |
|             ENABLE_AXIS_SKID.I_MM2S_SKID_BUF                       |                                                        system_axi_dma_0_8__axi_datamover_skid_buf_51 |        159 |        159 |       0 |    0 |   296 |      0 |      0 |            0 |
|             GEN_INCLUDE_MM2S_SF.I_RD_SF                            |                                                              system_axi_dma_0_8__axi_datamover_rd_sf |         77 |         77 |       0 |    0 |    59 |      2 |      1 |            0 |
|             I_ADDR_CNTL                                            |                                                          system_axi_dma_0_8__axi_datamover_addr_cntl |         30 |         10 |       0 |   20 |    51 |      0 |      0 |            0 |
|             I_CMD_STATUS                                           |                                                         system_axi_dma_0_8__axi_datamover_cmd_status |        115 |        115 |       0 |    0 |   198 |      1 |      1 |            0 |
|             I_MSTR_PCC                                             |                                                                system_axi_dma_0_8__axi_datamover_pcc |        215 |        215 |       0 |    0 |   208 |      0 |      0 |            0 |
|             I_RD_DATA_CNTL                                         |                                                        system_axi_dma_0_8__axi_datamover_rddata_cntl |         81 |         57 |       0 |   24 |    76 |      0 |      0 |            0 |
|             I_RD_STATUS_CNTLR                                      |                                                     system_axi_dma_0_8__axi_datamover_rd_status_cntl |          2 |          2 |       0 |    0 |    10 |      0 |      0 |            0 |
|             I_RESET                                                |                                                           system_axi_dma_0_8__axi_datamover_reset_52 |          9 |          9 |       0 |    0 |    19 |      0 |      0 |            0 |
|           GEN_S2MM_FULL.I_S2MM_FULL_WRAPPER                        |                                                     system_axi_dma_0_8__axi_datamover_s2mm_full_wrap |       1479 |       1392 |      24 |   63 |  2173 |      3 |      2 |            0 |
|             ENABLE_AXIS_SKID.I_S2MM_STRM_SKID_BUF                  |                                                           system_axi_dma_0_8__axi_datamover_skid_buf |        158 |        158 |       0 |    0 |   296 |      0 |      0 |            0 |
|             GEN_ENABLE_INDET_BTT_SF.I_INDET_BTT                    |                                                          system_axi_dma_0_8__axi_datamover_indet_btt |        295 |        287 |       8 |    0 |   419 |      2 |      1 |            0 |
|             GEN_INCLUDE_IBTTCC.I_S2MM_MSTR_IBTTCC                  |                                                             system_axi_dma_0_8__axi_datamover_ibttcc |        155 |        155 |       0 |    0 |   266 |      0 |      0 |            0 |
|             GEN_INCLUDE_REALIGNER.I_S2MM_REALIGNER                 |                                                       system_axi_dma_0_8__axi_datamover_s2mm_realign |        420 |        390 |      16 |   14 |   491 |      0 |      0 |            0 |
|             I_ADDR_CNTL                                            |                                          system_axi_dma_0_8__axi_datamover_addr_cntl__parameterized0 |         28 |          8 |       0 |   20 |    50 |      0 |      0 |            0 |
|             I_CMD_STATUS                                           |                                         system_axi_dma_0_8__axi_datamover_cmd_status__parameterized0 |        129 |        129 |       0 |    0 |   198 |      1 |      1 |            0 |
|             I_RESET                                                |                                                              system_axi_dma_0_8__axi_datamover_reset |         21 |         21 |       0 |    0 |    19 |      0 |      0 |            0 |
|             I_S2MM_MMAP_SKID_BUF                                   |                                                        system_axi_dma_0_8__axi_datamover_skid2mm_buf |        132 |        132 |       0 |    0 |   292 |      0 |      0 |            0 |
|             I_WR_DATA_CNTL                                         |                                                        system_axi_dma_0_8__axi_datamover_wrdata_cntl |        101 |         90 |       0 |   11 |    83 |      0 |      0 |            0 |
|             I_WR_STATUS_CNTLR                                      |                                                     system_axi_dma_0_8__axi_datamover_wr_status_cntl |         55 |         37 |       0 |   18 |    59 |      0 |      0 |            0 |
|         I_RST_MODULE                                               |                                                               system_axi_dma_0_8__axi_dma_rst_module |         23 |         23 |       0 |    0 |    86 |      0 |      0 |            0 |
|           (I_RST_MODULE)                                           |                                                               system_axi_dma_0_8__axi_dma_rst_module |          4 |          4 |       0 |    0 |     2 |      0 |      0 |            0 |
|           GEN_RESET_FOR_MM2S.RESET_I                               |                                                                    system_axi_dma_0_8__axi_dma_reset |         12 |         12 |       0 |    0 |    39 |      0 |      0 |            0 |
|             (GEN_RESET_FOR_MM2S.RESET_I)                           |                                                                    system_axi_dma_0_8__axi_dma_reset |         10 |         10 |       0 |    0 |    27 |      0 |      0 |            0 |
|             GEN_ASYNC_RESET.GEN_PRMRY_GRTR_EQL_SCNDRY.HALT_PROCESS |                                                                       system_axi_dma_0_8__cdc_sync_6 |          0 |          0 |       0 |    0 |     4 |      0 |      0 |            0 |
|             GEN_ASYNC_RESET.REG_HALT_CMPLT_IN                      |                                                                       system_axi_dma_0_8__cdc_sync_7 |          1 |          1 |       0 |    0 |     4 |      0 |      0 |            0 |
|             GEN_ASYNC_RESET.REG_RESET_OUT                          |                                                                       system_axi_dma_0_8__cdc_sync_8 |          1 |          1 |       0 |    0 |     4 |      0 |      0 |            0 |
|           GEN_RESET_FOR_S2MM.RESET_I                               |                                                                  system_axi_dma_0_8__axi_dma_reset_1 |          9 |          9 |       0 |    0 |    37 |      0 |      0 |            0 |
|             (GEN_RESET_FOR_S2MM.RESET_I)                           |                                                                  system_axi_dma_0_8__axi_dma_reset_1 |          7 |          7 |       0 |    0 |    25 |      0 |      0 |            0 |
|             GEN_ASYNC_RESET.GEN_PRMRY_GRTR_EQL_SCNDRY.HALT_PROCESS |                                                                       system_axi_dma_0_8__cdc_sync_3 |          0 |          0 |       0 |    0 |     4 |      0 |      0 |            0 |
|             GEN_ASYNC_RESET.REG_HALT_CMPLT_IN                      |                                                                       system_axi_dma_0_8__cdc_sync_4 |          1 |          1 |       0 |    0 |     4 |      0 |      0 |            0 |
|             GEN_ASYNC_RESET.REG_RESET_OUT                          |                                                                       system_axi_dma_0_8__cdc_sync_5 |          1 |          1 |       0 |    0 |     4 |      0 |      0 |            0 |
|           REG_HRD_RST                                              |                                                                         system_axi_dma_0_8__cdc_sync |          0 |          0 |       0 |    0 |     4 |      0 |      0 |            0 |
|           REG_HRD_RST_OUT                                          |                                                                       system_axi_dma_0_8__cdc_sync_2 |          0 |          0 |       0 |    0 |     4 |      0 |      0 |            0 |
|     axis_job_fifo                                                  |                                                                               system_axis_job_fifo_8 |         97 |         97 |       0 |    0 |   182 |      4 |      1 |            0 |
|       inst                                                         |                                                    system_axis_job_fifo_8__axis_data_fifo_v2_0_2_top |         97 |         97 |       0 |    0 |   182 |      4 |      1 |            0 |
|         gen_fifo.xpm_fifo_axis_inst                                |                                                                system_axis_job_fifo_8__xpm_fifo_axis |         97 |         97 |       0 |    0 |   182 |      4 |      1 |            0 |
|           (gen_fifo.xpm_fifo_axis_inst)                            |                                                                system_axis_job_fifo_8__xpm_fifo_axis |          2 |          2 |       0 |    0 |     0 |      0 |      0 |            0 |
|           gaxis_rst_sync.xpm_cdc_sync_rst_inst                     |                                                          system_axis_job_fifo_8__xpm_cdc_sync_rst__3 |          0 |          0 |       0 |    0 |     3 |      0 |      0 |            0 |
|           xpm_fifo_base_inst                                       |                                                                system_axis_job_fifo_8__xpm_fifo_base |         95 |         95 |       0 |    0 |   179 |      4 |      1 |            0 |
|             (xpm_fifo_base_inst)                                   |                                                                system_axis_job_fifo_8__xpm_fifo_base |          4 |          4 |       0 |    0 |     7 |      0 |      0 |            0 |
|             gen_cdc_pntr.rd_pntr_cdc_inst                          |                                                                 system_axis_job_fifo_8__xpm_cdc_gray |         14 |         14 |       0 |    0 |    40 |      0 |      0 |            0 |
|             gen_cdc_pntr.rpw_gray_reg                              |                                                             system_axis_job_fifo_8__xpm_fifo_reg_vec |          0 |          0 |       0 |    0 |    10 |      0 |      0 |            0 |
|             gen_cdc_pntr.wpr_gray_reg                              |                                                           system_axis_job_fifo_8__xpm_fifo_reg_vec_0 |          7 |          7 |       0 |    0 |    10 |      0 |      0 |            0 |
|             gen_cdc_pntr.wr_pntr_cdc_inst                          |                                                              system_axis_job_fifo_8__xpm_cdc_gray__2 |         14 |         14 |       0 |    0 |    40 |      0 |      0 |            0 |
|             gen_sdpram.xpm_memory_base_inst                        |                                                              system_axis_job_fifo_8__xpm_memory_base |          0 |          0 |       0 |    0 |     0 |      4 |      1 |            0 |
|             rdp_inst                                               |                                             system_axis_job_fifo_8__xpm_counter_updn__parameterized0 |          2 |          2 |       0 |    0 |    11 |      0 |      0 |            0 |
|             rdpp1_inst                                             |                                             system_axis_job_fifo_8__xpm_counter_updn__parameterized1 |         12 |         12 |       0 |    0 |    10 |      0 |      0 |            0 |
|             rst_d1_inst                                            |                                                             system_axis_job_fifo_8__xpm_fifo_reg_bit |          2 |          2 |       0 |    0 |     1 |      0 |      0 |            0 |
|             wrp_inst                                               |                                           system_axis_job_fifo_8__xpm_counter_updn__parameterized0_1 |          0 |          0 |       0 |    0 |    11 |      0 |      0 |            0 |
|             wrpp1_inst                                             |                                           system_axis_job_fifo_8__xpm_counter_updn__parameterized1_2 |         14 |         14 |       0 |    0 |    10 |      0 |      0 |            0 |
|             wrpp2_inst                                             |                                             system_axis_job_fifo_8__xpm_counter_updn__parameterized2 |         12 |         12 |       0 |    0 |    10 |      0 |      0 |            0 |
|             xpm_fifo_rst_inst                                      |                                                                 system_axis_job_fifo_8__xpm_fifo_rst |         16 |         16 |       0 |    0 |    19 |      0 |      0 |            0 |
|     axis_result_fifo                                               |                                                                            system_axis_result_fifo_8 |        100 |        100 |       0 |    0 |   182 |      4 |      1 |            0 |
|       inst                                                         |                                                 system_axis_result_fifo_8__axis_data_fifo_v2_0_2_top |        100 |        100 |       0 |    0 |   182 |      4 |      1 |            0 |
|         gen_fifo.xpm_fifo_axis_inst                                |                                                             system_axis_result_fifo_8__xpm_fifo_axis |        100 |        100 |       0 |    0 |   182 |      4 |      1 |            0 |
|           (gen_fifo.xpm_fifo_axis_inst)                            |                                                             system_axis_result_fifo_8__xpm_fifo_axis |          2 |          2 |       0 |    0 |     0 |      0 |      0 |            0 |
|           gaxis_rst_sync.xpm_cdc_sync_rst_inst                     |                                                       system_axis_result_fifo_8__xpm_cdc_sync_rst__3 |          0 |          0 |       0 |    0 |     3 |      0 |      0 |            0 |
|           xpm_fifo_base_inst                                       |                                                             system_axis_result_fifo_8__xpm_fifo_base |         98 |         98 |       0 |    0 |   179 |      4 |      1 |            0 |
|             (xpm_fifo_base_inst)                                   |                                                             system_axis_result_fifo_8__xpm_fifo_base |          4 |          4 |       0 |    0 |     7 |      0 |      0 |            0 |
|             gen_cdc_pntr.rd_pntr_cdc_inst                          |                                                              system_axis_result_fifo_8__xpm_cdc_gray |         14 |         14 |       0 |    0 |    40 |      0 |      0 |            0 |
|             gen_cdc_pntr.rpw_gray_reg                              |                                                          system_axis_result_fifo_8__xpm_fifo_reg_vec |          0 |          0 |       0 |    0 |    10 |      0 |      0 |            0 |
|             gen_cdc_pntr.wpr_gray_reg                              |                                                        system_axis_result_fifo_8__xpm_fifo_reg_vec_0 |          7 |          7 |       0 |    0 |    10 |      0 |      0 |            0 |
|             gen_cdc_pntr.wr_pntr_cdc_inst                          |                                                           system_axis_result_fifo_8__xpm_cdc_gray__2 |         14 |         14 |       0 |    0 |    40 |      0 |      0 |            0 |
|             gen_sdpram.xpm_memory_base_inst                        |                                                           system_axis_result_fifo_8__xpm_memory_base |          3 |          3 |       0 |    0 |     0 |      4 |      1 |            0 |
|             rdp_inst                                               |                                          system_axis_result_fifo_8__xpm_counter_updn__parameterized0 |          2 |          2 |       0 |    0 |    11 |      0 |      0 |            0 |
|             rdpp1_inst                                             |                                          system_axis_result_fifo_8__xpm_counter_updn__parameterized1 |         12 |         12 |       0 |    0 |    10 |      0 |      0 |            0 |
|             rst_d1_inst                                            |                                                          system_axis_result_fifo_8__xpm_fifo_reg_bit |          2 |          2 |       0 |    0 |     1 |      0 |      0 |            0 |
|             wrp_inst                                               |                                        system_axis_result_fifo_8__xpm_counter_updn__parameterized0_1 |          0 |          0 |       0 |    0 |    11 |      0 |      0 |            0 |
|             wrpp1_inst                                             |                                        system_axis_result_fifo_8__xpm_counter_updn__parameterized1_2 |         14 |         14 |       0 |    0 |    10 |      0 |      0 |            0 |
|             wrpp2_inst                                             |                                          system_axis_result_fifo_8__xpm_counter_updn__parameterized2 |         12 |         12 |       0 |    0 |    10 |      0 |      0 |            0 |
|             xpm_fifo_rst_inst                                      |                                                              system_axis_result_fifo_8__xpm_fifo_rst |         16 |         16 |       0 |    0 |    19 |      0 |      0 |            0 |
|     dma_ctrl_protocol_converter                                    |                                                                 system_dma_ctrl_protocol_converter_7 |        362 |        303 |       0 |   59 |   448 |      0 |      0 |            0 |
|       inst                                                         |          system_dma_ctrl_protocol_converter_7__axi_protocol_converter_v2_1_20_axi_protocol_converter |        362 |        303 |       0 |   59 |   448 |      0 |      0 |            0 |
|         gen_axilite.gen_b2s_conv.axilite_b2s                       |                             system_dma_ctrl_protocol_converter_7__axi_protocol_converter_v2_1_20_b2s |        362 |        303 |       0 |   59 |   448 |      0 |      0 |            0 |
|           (gen_axilite.gen_b2s_conv.axilite_b2s)                   |                             system_dma_ctrl_protocol_converter_7__axi_protocol_converter_v2_1_20_b2s |          1 |          1 |       0 |    0 |     1 |      0 |      0 |            0 |
|           RD.ar_channel_0                                          |                  system_dma_ctrl_protocol_converter_7__axi_protocol_converter_v2_1_20_b2s_ar_channel |         77 |         77 |       0 |    0 |    83 |      0 |      0 |            0 |
|             (RD.ar_channel_0)                                      |                  system_dma_ctrl_protocol_converter_7__axi_protocol_converter_v2_1_20_b2s_ar_channel |          0 |          0 |       0 |    0 |    12 |      0 |      0 |            0 |
|             ar_cmd_fsm_0                                           |                  system_dma_ctrl_protocol_converter_7__axi_protocol_converter_v2_1_20_b2s_rd_cmd_fsm |         22 |         22 |       0 |    0 |     2 |      0 |      0 |            0 |
|             cmd_translator_0                                       |            system_dma_ctrl_protocol_converter_7__axi_protocol_converter_v2_1_20_b2s_cmd_translator_1 |         55 |         55 |       0 |    0 |    69 |      0 |      0 |            0 |
|           RD.r_channel_0                                           |                   system_dma_ctrl_protocol_converter_7__axi_protocol_converter_v2_1_20_b2s_r_channel |         60 |         15 |       0 |   45 |    24 |      0 |      0 |            0 |
|             (RD.r_channel_0)                                       |                   system_dma_ctrl_protocol_converter_7__axi_protocol_converter_v2_1_20_b2s_r_channel |          0 |          0 |       0 |    0 |    14 |      0 |      0 |            0 |
|             rd_data_fifo_0                                         | system_dma_ctrl_protocol_converter_7__axi_protocol_converter_v2_1_20_b2s_simple_fifo__parameterized1 |         39 |          7 |       0 |   32 |     5 |      0 |      0 |            0 |
|             transaction_fifo_0                                     | system_dma_ctrl_protocol_converter_7__axi_protocol_converter_v2_1_20_b2s_simple_fifo__parameterized2 |         21 |          8 |       0 |   13 |     5 |      0 |      0 |            0 |
|           SI_REG                                                   |                  system_dma_ctrl_protocol_converter_7__axi_register_slice_v2_1_20_axi_register_slice |        129 |        129 |       0 |    0 |   248 |      0 |      0 |            0 |
|             ar.ar_pipe                                             |                 system_dma_ctrl_protocol_converter_7__axi_register_slice_v2_1_20_axic_register_slice |         44 |         44 |       0 |    0 |    67 |      0 |      0 |            0 |
|             aw.aw_pipe                                             |               system_dma_ctrl_protocol_converter_7__axi_register_slice_v2_1_20_axic_register_slice_0 |         48 |         48 |       0 |    0 |    59 |      0 |      0 |            0 |
|             b.b_pipe                                               | system_dma_ctrl_protocol_converter_7__axi_register_slice_v2_1_20_axic_register_slice__parameterized1 |         10 |         10 |       0 |    0 |    30 |      0 |      0 |            0 |
|             r.r_pipe                                               | system_dma_ctrl_protocol_converter_7__axi_register_slice_v2_1_20_axic_register_slice__parameterized2 |         27 |         27 |       0 |    0 |    92 |      0 |      0 |            0 |
|           WR.aw_channel_0                                          |                  system_dma_ctrl_protocol_converter_7__axi_protocol_converter_v2_1_20_b2s_aw_channel |         67 |         67 |       0 |    0 |    75 |      0 |      0 |            0 |
|             (WR.aw_channel_0)                                      |                  system_dma_ctrl_protocol_converter_7__axi_protocol_converter_v2_1_20_b2s_aw_channel |          0 |          0 |       0 |    0 |    16 |      0 |      0 |            0 |
|             aw_cmd_fsm_0                                           |                  system_dma_ctrl_protocol_converter_7__axi_protocol_converter_v2_1_20_b2s_wr_cmd_fsm |         11 |         11 |       0 |    0 |     2 |      0 |      0 |            0 |
|             cmd_translator_0                                       |              system_dma_ctrl_protocol_converter_7__axi_protocol_converter_v2_1_20_b2s_cmd_translator |         56 |         56 |       0 |    0 |    57 |      0 |      0 |            0 |
|           WR.b_channel_0                                           |                   system_dma_ctrl_protocol_converter_7__axi_protocol_converter_v2_1_20_b2s_b_channel |         33 |         19 |       0 |   14 |    17 |      0 |      0 |            0 |
|             (WR.b_channel_0)                                       |                   system_dma_ctrl_protocol_converter_7__axi_protocol_converter_v2_1_20_b2s_b_channel |          9 |          9 |       0 |    0 |    13 |      0 |      0 |            0 |
|             bid_fifo_0                                             |                 system_dma_ctrl_protocol_converter_7__axi_protocol_converter_v2_1_20_b2s_simple_fifo |         19 |          7 |       0 |   12 |     2 |      0 |      0 |            0 |
|             bresp_fifo_0                                           | system_dma_ctrl_protocol_converter_7__axi_protocol_converter_v2_1_20_b2s_simple_fifo__parameterized0 |          5 |          3 |       0 |    2 |     2 |      0 |      0 |            0 |
|     dma_irq_concat                                                 |                                                                              system_dma_irq_concat_8 |          0 |          0 |       0 |    0 |     0 |      0 |      0 |            0 |
|     dma_mem_interconnect                                           |                                                                        system_dma_mem_interconnect_1 |        654 |        641 |      10 |    3 |   736 |      0 |      0 |            0 |
|       m00_couplers                                                 |                                                                              m00_couplers_imp_VDR2ST |        363 |        353 |      10 |    0 |   405 |      0 |      0 |            0 |
|         auto_pc                                                    |                                                                                     system_auto_pc_0 |        363 |        353 |      10 |    0 |   405 |      0 |      0 |            0 |
|           inst                                                     |                              system_auto_pc_0__axi_protocol_converter_v2_1_20_axi_protocol_converter |        363 |        353 |      10 |    0 |   405 |      0 |      0 |            0 |
|             (inst)                                                 |                              system_auto_pc_0__axi_protocol_converter_v2_1_20_axi_protocol_converter |          0 |          0 |       0 |    0 |     0 |      0 |      0 |            0 |
|             gen_axi4_axi3.axi3_conv_inst                           |                                           system_auto_pc_0__axi_protocol_converter_v2_1_20_axi3_conv |        363 |        353 |      10 |    0 |   405 |      0 |      0 |            0 |
|       xbar                                                         |                                                                                        system_xbar_1 |        292 |        289 |       0 |    3 |   331 |      0 |      0 |            0 |
|         inst                                                       |                                                     system_xbar_1__axi_crossbar_v2_1_21_axi_crossbar |        292 |        289 |       0 |    3 |   331 |      0 |      0 |            0 |
|           gen_samd.crossbar_samd                                   |                                                         system_xbar_1__axi_crossbar_v2_1_21_crossbar |        292 |        289 |       0 |    3 |   331 |      0 |      0 |            0 |
|             (gen_samd.crossbar_samd)                               |                                                         system_xbar_1__axi_crossbar_v2_1_21_crossbar |          2 |          2 |       0 |    0 |    11 |      0 |      0 |            0 |
|             addr_arbiter_ar                                        |                                                     system_xbar_1__axi_crossbar_v2_1_21_addr_arbiter |         20 |         20 |       0 |    0 |    55 |      0 |      0 |            0 |
|             addr_arbiter_aw                                        |                                                   system_xbar_1__axi_crossbar_v2_1_21_addr_arbiter_0 |         46 |         46 |       0 |    0 |    56 |      0 |      0 |            0 |
|             gen_decerr_slave.decerr_slave_inst                     |                                                     system_xbar_1__axi_crossbar_v2_1_21_decerr_slave |         23 |         23 |       0 |    0 |    18 |      0 |      0 |            0 |
|             gen_master_slots[0].gen_mi_write.wdata_mux_w           |                                                        system_xbar_1__axi_crossbar_v2_1_21_wdata_mux |         56 |         55 |       0 |    1 |     8 |      0 |      0 |            0 |
|             gen_master_slots[0].reg_slice_mi                       |                                         system_xbar_1__axi_register_slice_v2_1_20_axi_register_slice |         61 |         61 |       0 |    0 |   142 |      0 |      0 |            0 |
|             gen_master_slots[1].gen_mi_write.wdata_mux_w           |                                        system_xbar_1__axi_crossbar_v2_1_21_wdata_mux__parameterized0 |         12 |         11 |       0 |    1 |     7 |      0 |      0 |            0 |
|             gen_master_slots[1].reg_slice_mi                       |                                       system_xbar_1__axi_register_slice_v2_1_20_axi_register_slice_1 |         14 |         14 |       0 |    0 |     8 |      0 |      0 |            0 |
|             gen_slave_slots[0].gen_si_read.si_transactor_ar        |                                                    system_xbar_1__axi_crossbar_v2_1_21_si_transactor |         26 |         26 |       0 |    0 |     6 |      0 |      0 |            0 |
|             gen_slave_slots[1].gen_si_write.si_transactor_aw       |                                    system_xbar_1__axi_crossbar_v2_1_21_si_transactor__parameterized0 |          9 |          9 |       0 |    0 |     6 |      0 |      0 |            0 |
|             gen_slave_slots[1].gen_si_write.splitter_aw_si         |                                                         system_xbar_1__axi_crossbar_v2_1_21_splitter |          5 |          5 |       0 |    0 |     2 |      0 |      0 |            0 |
|             gen_slave_slots[1].gen_si_write.wdata_router_w         |                                                     system_xbar_1__axi_crossbar_v2_1_21_wdata_router |         18 |         17 |       0 |    1 |    10 |      0 |      0 |            0 |
|             splitter_aw_mi                                         |                                                       system_xbar_1__axi_crossbar_v2_1_21_splitter_2 |          2 |          2 |       0 |    0 |     2 |      0 |      0 |            0 |
|     dma_mm2s_dwidth                                                |                                                                             system_dma_mm2s_dwidth_2 |        278 |        258 |      20 |    0 |   344 |      0 |      0 |            0 |
|       inst                                                         |                                           system_dma_mm2s_dwidth_2__axi_dwidth_converter_v2_1_20_top |        278 |        258 |      20 |    0 |   344 |      0 |      0 |            0 |
|         gen_downsizer.gen_simple_downsizer.axi_downsizer_inst      |                                 system_dma_mm2s_dwidth_2__axi_dwidth_converter_v2_1_20_axi_downsizer |        278 |        258 |      20 |    0 |   344 |      0 |      0 |            0 |
|           USE_READ.read_addr_inst                                  |                                   system_dma_mm2s_dwidth_2__axi_dwidth_converter_v2_1_20_a_downsizer |        251 |        231 |      20 |    0 |   201 |      0 |      0 |            0 |
|             (USE_READ.read_addr_inst)                              |                                   system_dma_mm2s_dwidth_2__axi_dwidth_converter_v2_1_20_a_downsizer |         88 |         88 |       0 |    0 |   107 |      0 |      0 |            0 |
|             cmd_queue                                              |                                            system_dma_mm2s_dwidth_2__axi_data_fifo_v2_1_19_axic_fifo |        163 |        143 |      20 |    0 |    94 |      0 |      0 |            0 |
|           USE_READ.read_data_inst                                  |                                   system_dma_mm2s_dwidth_2__axi_dwidth_converter_v2_1_20_r_downsizer |         28 |         28 |       0 |    0 |   143 |      0 |      0 |            0 |
|     dma_s2mm_dwidth                                                |                                                                             system_dma_s2mm_dwidth_2 |        295 |        267 |      28 |    0 |   280 |      0 |      0 |            0 |
|       inst                                                         |                                           system_dma_s2mm_dwidth_2__axi_dwidth_converter_v2_1_20_top |        295 |        267 |      28 |    0 |   280 |      0 |      0 |            0 |
|         gen_downsizer.gen_simple_downsizer.axi_downsizer_inst      |                                 system_dma_s2mm_dwidth_2__axi_dwidth_converter_v2_1_20_axi_downsizer |        295 |        267 |      28 |    0 |   280 |      0 |      0 |            0 |
|           USE_WRITE.USE_SPLIT.write_resp_inst                      |                                   system_dma_s2mm_dwidth_2__axi_dwidth_converter_v2_1_20_b_downsizer |         18 |         18 |       0 |    0 |    11 |      0 |      0 |            0 |
|           USE_WRITE.write_addr_inst                                |                                   system_dma_s2mm_dwidth_2__axi_dwidth_converter_v2_1_20_a_downsizer |        211 |        183 |      28 |    0 |   256 |      0 |      0 |            0 |
|             (USE_WRITE.write_addr_inst)                            |                                   system_dma_s2mm_dwidth_2__axi_dwidth_converter_v2_1_20_a_downsizer |         87 |         87 |       0 |    0 |   110 |      0 |      0 |            0 |
|             USE_B_CHANNEL.cmd_b_queue                              |                                            system_dma_s2mm_dwidth_2__axi_data_fifo_v2_1_19_axic_fifo |         49 |         41 |       8 |    0 |    54 |      0 |      0 |            0 |
|             cmd_queue                                              |                            system_dma_s2mm_dwidth_2__axi_data_fifo_v2_1_19_axic_fifo__parameterized0 |         79 |         59 |      20 |    0 |    92 |      0 |      0 |            0 |
|           USE_WRITE.write_data_inst                                |                                   system_dma_s2mm_dwidth_2__axi_dwidth_converter_v2_1_20_w_downsizer |         66 |         66 |       0 |    0 |    13 |      0 |      0 |            0 |
|     generator_accelerator_0                                        |                                                                     system_generator_accelerator_0_9 |      26949 |      19149 |    7800 |    0 | 10458 |      0 |      8 |           78 |
|       (generator_accelerator_0)                                    |                                                                     system_generator_accelerator_0_9 |         79 |         79 |       0 |    0 |     1 |      0 |      0 |            0 |
|       inst                                                         |                                           system_generator_accelerator_0_9_generator_accelerator_top |      26874 |      19074 |    7800 |    0 | 10457 |      0 |      8 |           78 |
|         (inst)                                                     |                                           system_generator_accelerator_0_9_generator_accelerator_top |       1097 |       1097 |       0 |    0 |   959 |      0 |      0 |            0 |
|         u_admet                                                    |                                                     system_generator_accelerator_0_9_admet_predictor |       5802 |       4154 |    1648 |    0 |  2155 |      0 |      0 |           44 |
|           gen_model[0].u_fc_network                                |                                                          system_generator_accelerator_0_9_fc_network |       1442 |       1030 |     412 |    0 |   537 |      0 |      0 |           11 |
|           gen_model[1].u_fc_network                                |                                                       system_generator_accelerator_0_9_fc_network_57 |       1431 |       1019 |     412 |    0 |   540 |      0 |      0 |           11 |
|           gen_model[2].u_fc_network                                |                                                       system_generator_accelerator_0_9_fc_network_58 |       1471 |       1059 |     412 |    0 |   536 |      0 |      0 |           11 |
|           gen_model[3].u_fc_network                                |                                                       system_generator_accelerator_0_9_fc_network_59 |       1464 |       1052 |     412 |    0 |   542 |      0 |      0 |           11 |
|         u_database_bank                                            |                                        system_generator_accelerator_0_9_accelerator_fingerprint_bank |       3534 |       3534 |       0 |    0 |  1024 |      0 |      0 |            0 |
|         u_dma_backend                                              |                                             system_generator_accelerator_0_9_dma_accelerator_backend |       2104 |       1944 |     160 |    0 |   335 |      0 |      0 |            0 |
|           (u_dma_backend)                                          |                                             system_generator_accelerator_0_9_dma_accelerator_backend |       1837 |       1837 |       0 |    0 |   335 |      0 |      0 |            0 |
|           gen_result_bank[0].bank                                  |                                                     system_generator_accelerator_0_9_dma_result_bank |         57 |         17 |      40 |    0 |     0 |      0 |      0 |            0 |
|           gen_result_bank[1].bank                                  |                                                  system_generator_accelerator_0_9_dma_result_bank_54 |         47 |          7 |      40 |    0 |     0 |      0 |      0 |            0 |
|           gen_result_bank[2].bank                                  |                                                  system_generator_accelerator_0_9_dma_result_bank_55 |        118 |         78 |      40 |    0 |     0 |      0 |      0 |            0 |
|           gen_result_bank[3].bank                                  |                                                  system_generator_accelerator_0_9_dma_result_bank_56 |         48 |          8 |      40 |    0 |     0 |      0 |      0 |            0 |
|         u_dma_formatter                                            |                                                system_generator_accelerator_0_9_dma_result_formatter |        627 |        627 |       0 |    0 |   785 |      0 |      0 |            0 |
|         u_dma_frontend                                             |                                             system_generator_accelerator_0_9_dma_task_queue_frontend |        489 |        489 |       0 |    0 |   647 |      0 |      0 |            0 |
|         u_dma_queue                                                |                                                      system_generator_accelerator_0_9_dma_task_queue |        430 |        430 |       0 |    0 |   422 |      0 |      0 |            0 |
|         u_gnn                                                      |                                                 system_generator_accelerator_0_9_gnn_message_passing |      10975 |       4983 |    5992 |    0 |  2582 |      0 |      8 |           32 |
|           (u_gnn)                                                  |                                                 system_generator_accelerator_0_9_gnn_message_passing |       3920 |       3824 |      96 |    0 |  2582 |      0 |      0 |           32 |
|           gen_feature_bank[0].bank                                 |                                                       system_generator_accelerator_0_9_gnn_dist_bank |        128 |         16 |     112 |    0 |     0 |      0 |      0 |            0 |
|           gen_feature_bank[10].bank                                |                                                     system_generator_accelerator_0_9_gnn_dist_bank_1 |        128 |         16 |     112 |    0 |     0 |      0 |      0 |            0 |
|           gen_feature_bank[11].bank                                |                                                     system_generator_accelerator_0_9_gnn_dist_bank_2 |        128 |         16 |     112 |    0 |     0 |      0 |      0 |            0 |
|           gen_feature_bank[12].bank                                |                                                     system_generator_accelerator_0_9_gnn_dist_bank_3 |        130 |         16 |     114 |    0 |     0 |      0 |      0 |            0 |
|           gen_feature_bank[13].bank                                |                                                     system_generator_accelerator_0_9_gnn_dist_bank_4 |        128 |         16 |     112 |    0 |     0 |      0 |      0 |            0 |
|           gen_feature_bank[14].bank                                |                                                     system_generator_accelerator_0_9_gnn_dist_bank_5 |        129 |         17 |     112 |    0 |     0 |      0 |      0 |            0 |
|           gen_feature_bank[15].bank                                |                                                     system_generator_accelerator_0_9_gnn_dist_bank_6 |        128 |         16 |     112 |    0 |     0 |      0 |      0 |            0 |
|           gen_feature_bank[1].bank                                 |                                                     system_generator_accelerator_0_9_gnn_dist_bank_7 |        128 |         16 |     112 |    0 |     0 |      0 |      0 |            0 |
|           gen_feature_bank[2].bank                                 |                                                     system_generator_accelerator_0_9_gnn_dist_bank_8 |        128 |         16 |     112 |    0 |     0 |      0 |      0 |            0 |
|           gen_feature_bank[3].bank                                 |                                                     system_generator_accelerator_0_9_gnn_dist_bank_9 |        128 |         16 |     112 |    0 |     0 |      0 |      0 |            0 |
|           gen_feature_bank[4].bank                                 |                                                    system_generator_accelerator_0_9_gnn_dist_bank_10 |        130 |         16 |     114 |    0 |     0 |      0 |      0 |            0 |
|           gen_feature_bank[5].bank                                 |                                                    system_generator_accelerator_0_9_gnn_dist_bank_11 |        130 |         16 |     114 |    0 |     0 |      0 |      0 |            0 |
|           gen_feature_bank[6].bank                                 |                                                    system_generator_accelerator_0_9_gnn_dist_bank_12 |        128 |         16 |     112 |    0 |     0 |      0 |      0 |            0 |
|           gen_feature_bank[7].bank                                 |                                                    system_generator_accelerator_0_9_gnn_dist_bank_13 |        128 |         16 |     112 |    0 |     0 |      0 |      0 |            0 |
|           gen_feature_bank[8].bank                                 |                                                    system_generator_accelerator_0_9_gnn_dist_bank_14 |        130 |         16 |     114 |    0 |     0 |      0 |      0 |            0 |
|           gen_feature_bank[9].bank                                 |                                                    system_generator_accelerator_0_9_gnn_dist_bank_15 |        128 |         16 |     112 |    0 |     0 |      0 |      0 |            0 |
|           gen_output_bank[0].bank                                  |                                                      system_generator_accelerator_0_9_gnn_block_bank |         65 |         65 |       0 |    0 |     0 |      0 |      1 |            0 |
|           gen_output_bank[1].bank                                  |                                                   system_generator_accelerator_0_9_gnn_block_bank_16 |         64 |         64 |       0 |    0 |     0 |      0 |      1 |            0 |
|           gen_output_bank[2].bank                                  |                                                   system_generator_accelerator_0_9_gnn_block_bank_17 |         64 |         64 |       0 |    0 |     0 |      0 |      1 |            0 |
|           gen_output_bank[3].bank                                  |                                                   system_generator_accelerator_0_9_gnn_block_bank_18 |         98 |         98 |       0 |    0 |     0 |      0 |      1 |            0 |
|           gen_output_bank[4].bank                                  |                                                   system_generator_accelerator_0_9_gnn_block_bank_19 |         64 |         64 |       0 |    0 |     0 |      0 |      1 |            0 |
|           gen_output_bank[5].bank                                  |                                                   system_generator_accelerator_0_9_gnn_block_bank_20 |         65 |         65 |       0 |    0 |     0 |      0 |      1 |            0 |
|           gen_output_bank[6].bank                                  |                                                   system_generator_accelerator_0_9_gnn_block_bank_21 |         64 |         64 |       0 |    0 |     0 |      0 |      1 |            0 |
|           gen_output_bank[7].bank                                  |                                                   system_generator_accelerator_0_9_gnn_block_bank_22 |         96 |         96 |       0 |    0 |     0 |      0 |      1 |            0 |
|           gen_weight_bank[0].bank                                  |                                       system_generator_accelerator_0_9_gnn_dist_bank__parameterized0 |        140 |         12 |     128 |    0 |     0 |      0 |      0 |            0 |
|           gen_weight_bank[10].bank                                 |                                    system_generator_accelerator_0_9_gnn_dist_bank__parameterized0_23 |        143 |         15 |     128 |    0 |     0 |      0 |      0 |            0 |
|           gen_weight_bank[11].bank                                 |                                    system_generator_accelerator_0_9_gnn_dist_bank__parameterized0_24 |        140 |         12 |     128 |    0 |     0 |      0 |      0 |            0 |
|           gen_weight_bank[12].bank                                 |                                    system_generator_accelerator_0_9_gnn_dist_bank__parameterized0_25 |        142 |         14 |     128 |    0 |     0 |      0 |      0 |            0 |
|           gen_weight_bank[13].bank                                 |                                    system_generator_accelerator_0_9_gnn_dist_bank__parameterized0_26 |        140 |         12 |     128 |    0 |     0 |      0 |      0 |            0 |
|           gen_weight_bank[14].bank                                 |                                    system_generator_accelerator_0_9_gnn_dist_bank__parameterized0_27 |        142 |         14 |     128 |    0 |     0 |      0 |      0 |            0 |
|           gen_weight_bank[15].bank                                 |                                    system_generator_accelerator_0_9_gnn_dist_bank__parameterized0_28 |        142 |         14 |     128 |    0 |     0 |      0 |      0 |            0 |
|           gen_weight_bank[16].bank                                 |                                    system_generator_accelerator_0_9_gnn_dist_bank__parameterized0_29 |        143 |         15 |     128 |    0 |     0 |      0 |      0 |            0 |
|           gen_weight_bank[17].bank                                 |                                    system_generator_accelerator_0_9_gnn_dist_bank__parameterized0_30 |        141 |         13 |     128 |    0 |     0 |      0 |      0 |            0 |
|           gen_weight_bank[18].bank                                 |                                    system_generator_accelerator_0_9_gnn_dist_bank__parameterized0_31 |        141 |         13 |     128 |    0 |     0 |      0 |      0 |            0 |
|           gen_weight_bank[19].bank                                 |                                    system_generator_accelerator_0_9_gnn_dist_bank__parameterized0_32 |        143 |         15 |     128 |    0 |     0 |      0 |      0 |            0 |
|           gen_weight_bank[1].bank                                  |                                    system_generator_accelerator_0_9_gnn_dist_bank__parameterized0_33 |        144 |         16 |     128 |    0 |     0 |      0 |      0 |            0 |
|           gen_weight_bank[20].bank                                 |                                    system_generator_accelerator_0_9_gnn_dist_bank__parameterized0_34 |        142 |         14 |     128 |    0 |     0 |      0 |      0 |            0 |
|           gen_weight_bank[21].bank                                 |                                    system_generator_accelerator_0_9_gnn_dist_bank__parameterized0_35 |        140 |         12 |     128 |    0 |     0 |      0 |      0 |            0 |
|           gen_weight_bank[22].bank                                 |                                    system_generator_accelerator_0_9_gnn_dist_bank__parameterized0_36 |        140 |         12 |     128 |    0 |     0 |      0 |      0 |            0 |
|           gen_weight_bank[23].bank                                 |                                    system_generator_accelerator_0_9_gnn_dist_bank__parameterized0_37 |        141 |         13 |     128 |    0 |     0 |      0 |      0 |            0 |
|           gen_weight_bank[24].bank                                 |                                    system_generator_accelerator_0_9_gnn_dist_bank__parameterized0_38 |        140 |         12 |     128 |    0 |     0 |      0 |      0 |            0 |
|           gen_weight_bank[25].bank                                 |                                    system_generator_accelerator_0_9_gnn_dist_bank__parameterized0_39 |        141 |         13 |     128 |    0 |     0 |      0 |      0 |            0 |
|           gen_weight_bank[26].bank                                 |                                    system_generator_accelerator_0_9_gnn_dist_bank__parameterized0_40 |        140 |         12 |     128 |    0 |     0 |      0 |      0 |            0 |
|           gen_weight_bank[27].bank                                 |                                    system_generator_accelerator_0_9_gnn_dist_bank__parameterized0_41 |        141 |         13 |     128 |    0 |     0 |      0 |      0 |            0 |
|           gen_weight_bank[28].bank                                 |                                    system_generator_accelerator_0_9_gnn_dist_bank__parameterized0_42 |        141 |         13 |     128 |    0 |     0 |      0 |      0 |            0 |
|           gen_weight_bank[29].bank                                 |                                    system_generator_accelerator_0_9_gnn_dist_bank__parameterized0_43 |        141 |         13 |     128 |    0 |     0 |      0 |      0 |            0 |
|           gen_weight_bank[2].bank                                  |                                    system_generator_accelerator_0_9_gnn_dist_bank__parameterized0_44 |        140 |         12 |     128 |    0 |     0 |      0 |      0 |            0 |
|           gen_weight_bank[30].bank                                 |                                    system_generator_accelerator_0_9_gnn_dist_bank__parameterized0_45 |        141 |         13 |     128 |    0 |     0 |      0 |      0 |            0 |
|           gen_weight_bank[31].bank                                 |                                    system_generator_accelerator_0_9_gnn_dist_bank__parameterized0_46 |        141 |         13 |     128 |    0 |     0 |      0 |      0 |            0 |
|           gen_weight_bank[3].bank                                  |                                    system_generator_accelerator_0_9_gnn_dist_bank__parameterized0_47 |        143 |         15 |     128 |    0 |     0 |      0 |      0 |            0 |
|           gen_weight_bank[4].bank                                  |                                    system_generator_accelerator_0_9_gnn_dist_bank__parameterized0_48 |        139 |         11 |     128 |    0 |     0 |      0 |      0 |            0 |
|           gen_weight_bank[5].bank                                  |                                    system_generator_accelerator_0_9_gnn_dist_bank__parameterized0_49 |        141 |         13 |     128 |    0 |     0 |      0 |      0 |            0 |
|           gen_weight_bank[6].bank                                  |                                    system_generator_accelerator_0_9_gnn_dist_bank__parameterized0_50 |        142 |         14 |     128 |    0 |     0 |      0 |      0 |            0 |
|           gen_weight_bank[7].bank                                  |                                    system_generator_accelerator_0_9_gnn_dist_bank__parameterized0_51 |        144 |         16 |     128 |    0 |     0 |      0 |      0 |            0 |
|           gen_weight_bank[8].bank                                  |                                    system_generator_accelerator_0_9_gnn_dist_bank__parameterized0_52 |        144 |         16 |     128 |    0 |     0 |      0 |      0 |            0 |
|           gen_weight_bank[9].bank                                  |                                    system_generator_accelerator_0_9_gnn_dist_bank__parameterized0_53 |        141 |         13 |     128 |    0 |     0 |      0 |      0 |            0 |
|         u_query_bank                                               |                                      system_generator_accelerator_0_9_accelerator_fingerprint_bank_0 |        782 |        782 |       0 |    0 |  1024 |      0 |      0 |            0 |
|         u_tanimoto                                                 |                                                system_generator_accelerator_0_9_tanimoto_accelerator |       1042 |       1042 |       0 |    0 |   524 |      0 |      0 |            2 |
|     processing_system7_0                                           |                                                                        system_processing_system7_0_0 |          0 |          0 |       0 |    0 |     0 |      0 |      0 |            0 |
|       (processing_system7_0)                                       |                                                                        system_processing_system7_0_0 |          0 |          0 |       0 |    0 |     0 |      0 |      0 |            0 |
|       inst                                                         |                            system_processing_system7_0_0__processing_system7_v5_5_processing_system7 |          0 |          0 |       0 |    0 |     0 |      0 |      0 |            0 |
|     ps_axi3_lite_bridge_0                                          |                                                                       system_ps_axi3_lite_bridge_0_0 |         14 |         14 |       0 |    0 |   130 |      0 |      0 |            0 |
|       inst                                                         |                                                system_ps_axi3_lite_bridge_0_0_ps_axi3_to_axil_bridge |         14 |         14 |       0 |    0 |   130 |      0 |      0 |            0 |
|     reset_const_0                                                  |                                                                               system_reset_const_0_0 |          0 |          0 |       0 |    0 |     0 |      0 |      0 |            0 |
|     rst_ps7_0_100M                                                 |                                                                              system_rst_ps7_0_100M_0 |         16 |         15 |       0 |    1 |    33 |      0 |      0 |            0 |
|       U0                                                           |                                                              system_rst_ps7_0_100M_0__proc_sys_reset |         16 |         15 |       0 |    1 |    33 |      0 |      0 |            0 |
|         (U0)                                                       |                                                              system_rst_ps7_0_100M_0__proc_sys_reset |          0 |          0 |       0 |    0 |     1 |      0 |      0 |            0 |
|         EXT_LPF                                                    |                                                                         system_rst_ps7_0_100M_0__lpf |          5 |          4 |       0 |    1 |    17 |      0 |      0 |            0 |
|           (EXT_LPF)                                                |                                                                         system_rst_ps7_0_100M_0__lpf |          2 |          1 |       0 |    1 |     9 |      0 |      0 |            0 |
|           ACTIVE_HIGH_AUX.ACT_HI_AUX                               |                                                                    system_rst_ps7_0_100M_0__cdc_sync |          1 |          1 |       0 |    0 |     4 |      0 |      0 |            0 |
|           ACTIVE_LOW_EXT.ACT_LO_EXT                                |                                                                  system_rst_ps7_0_100M_0__cdc_sync_0 |          2 |          2 |       0 |    0 |     4 |      0 |      0 |            0 |
|         SEQ                                                        |                                                                system_rst_ps7_0_100M_0__sequence_psr |         11 |         11 |       0 |    0 |    15 |      0 |      0 |            0 |
|           (SEQ)                                                    |                                                                system_rst_ps7_0_100M_0__sequence_psr |          6 |          6 |       0 |    0 |     9 |      0 |      0 |            0 |
|           SEQ_COUNTER                                              |                                                                     system_rst_ps7_0_100M_0__upcnt_n |          5 |          5 |       0 |    0 |     6 |      0 |      0 |            0 |
|     rst_ps7_0_150M                                                 |                                                                              system_rst_ps7_0_150M_8 |         16 |         15 |       0 |    1 |    33 |      0 |      0 |            0 |
|       U0                                                           |                                                              system_rst_ps7_0_150M_8__proc_sys_reset |         16 |         15 |       0 |    1 |    33 |      0 |      0 |            0 |
|         (U0)                                                       |                                                              system_rst_ps7_0_150M_8__proc_sys_reset |          0 |          0 |       0 |    0 |     1 |      0 |      0 |            0 |
|         EXT_LPF                                                    |                                                                         system_rst_ps7_0_150M_8__lpf |          5 |          4 |       0 |    1 |    17 |      0 |      0 |            0 |
|           (EXT_LPF)                                                |                                                                         system_rst_ps7_0_150M_8__lpf |          2 |          1 |       0 |    1 |     9 |      0 |      0 |            0 |
|           ACTIVE_LOW_AUX.ACT_LO_AUX                                |                                                                    system_rst_ps7_0_150M_8__cdc_sync |          1 |          1 |       0 |    0 |     4 |      0 |      0 |            0 |
|           ACTIVE_LOW_EXT.ACT_LO_EXT                                |                                                                  system_rst_ps7_0_150M_8__cdc_sync_0 |          2 |          2 |       0 |    0 |     4 |      0 |      0 |            0 |
|         SEQ                                                        |                                                                system_rst_ps7_0_150M_8__sequence_psr |         11 |         11 |       0 |    0 |    15 |      0 |      0 |            0 |
|           (SEQ)                                                    |                                                                system_rst_ps7_0_150M_8__sequence_psr |          6 |          6 |       0 |    0 |     9 |      0 |      0 |            0 |
|           SEQ_COUNTER                                              |                                                                     system_rst_ps7_0_150M_8__upcnt_n |          5 |          5 |       0 |    0 |     6 |      0 |      0 |            0 |
+--------------------------------------------------------------------+------------------------------------------------------------------------------------------------------+------------+------------+---------+------+-------+--------+--------+--------------+
* Note: The sum of lower-level cells may be larger than their parent cells total, due to cross-hierarchy LUT combining


