Copyright 1986-2019 Xilinx, Inc. All Rights Reserved.
-------------------------------------------------------------------------------------------------
| Tool Version : Vivado v.2019.2 (win64) Build 2708876 Wed Nov  6 21:40:23 MST 2019
| Date         : Mon Aug 24 22:06:41 2026
| Host         : LAPTOP-C1GK89UB running 64-bit major release  (build 9200)
| Command      : report_clocks -file D:/FPGA/reports/candidate_dma_batch/release/impl/clocks.rpt
| Design       : system_wrapper
| Device       : 7z015-clg485
| Speed File   : -2  PRODUCTION 1.11 2014-09-11
-------------------------------------------------------------------------------------------------

Clock Report


Attributes
  P: Propagated
  G: Generated
  A: Auto-derived
  R: Renamed
  V: Virtual
  I: Inverted
  S: Pin phase-shifted with Latency mode

Clock                                           Period(ns)  Waveform(ns)    Attributes  Sources
clk_fpga_0                                      10.000      {0.000 5.000}   P           {system_i/processing_system7_0/inst/PS7_i/FCLKCLK[0]}
clk_fpga_1                                      8.000       {0.000 4.000}   P           {system_i/processing_system7_0/inst/PS7_i/FCLKCLK[1]}
clk_fpga_2                                      29.999      {0.000 15.000}  P           {system_i/processing_system7_0/inst/PS7_i/FCLKCLK[2]}
system_i/accelerator_clock_wizard/inst/clk_in1  10.000      {0.000 5.000}   P           {system_i/accelerator_clock_wizard/inst/clk_in1}
clk_out1_system_accelerator_clock_wizard_16     10.000      {0.000 5.000}   P,G,A       {system_i/accelerator_clock_wizard/inst/CLK_CORE_DRP_I/clk_inst/mmcm_adv_inst/CLKOUT0}
clkfbout_system_accelerator_clock_wizard_16     10.000      {0.000 5.000}   P,G,A       {system_i/accelerator_clock_wizard/inst/CLK_CORE_DRP_I/clk_inst/mmcm_adv_inst/CLKFBOUT}


====================================================
Generated Clocks
====================================================

Generated Clock     : clk_out1_system_accelerator_clock_wizard_16
Master Source       : system_i/accelerator_clock_wizard/inst/CLK_CORE_DRP_I/clk_inst/mmcm_adv_inst/CLKIN1
Master Clock        : system_i/accelerator_clock_wizard/inst/clk_in1
Multiply By         : 1
Generated Sources   : {system_i/accelerator_clock_wizard/inst/CLK_CORE_DRP_I/clk_inst/mmcm_adv_inst/CLKOUT0}

Generated Clock     : clkfbout_system_accelerator_clock_wizard_16
Master Source       : system_i/accelerator_clock_wizard/inst/CLK_CORE_DRP_I/clk_inst/mmcm_adv_inst/CLKIN1
Master Clock        : system_i/accelerator_clock_wizard/inst/clk_in1
Multiply By         : 1
Generated Sources   : {system_i/accelerator_clock_wizard/inst/CLK_CORE_DRP_I/clk_inst/mmcm_adv_inst/CLKFBOUT}



====================================================
User Uncertainty
====================================================



====================================================
User Jitter
====================================================

Clock                                           Jitter(ns)
clk_fpga_0                                      0.300
clk_fpga_1                                      0.240
clk_fpga_2                                      0.900
system_i/accelerator_clock_wizard/inst/clk_in1  0.100

