Copyright 1986-2019 Xilinx, Inc. All Rights Reserved.
-----------------------------------------------------------------------------------------------------------------------------------------------
| Tool Version : Vivado v.2019.2 (win64) Build 2708876 Wed Nov  6 21:40:23 MST 2019
| Date         : Mon Aug 10 22:29:14 2026
| Host         : LAPTOP-C1GK89UB running 64-bit major release  (build 9200)
| Command      : report_utilization -hierarchical -hierarchical_depth 6 -file D:/FPGA/reports/dma_batch/rtl/utilization_synth_hierarchical.rpt
| Design       : system_wrapper
| Device       : 7z015clg485-2
| Design State : Synthesized
-----------------------------------------------------------------------------------------------------------------------------------------------

Utilization Design Information

Table of Contents
-----------------
1. Utilization by Hierarchy

1. Utilization by Hierarchy
---------------------------

+--------------------------------------------------------------------+------------------------------------------------------------------------------------------------------+------------+------------+---------+------+-------+--------+--------+--------------+
|                              Instance                              |                                                Module                                                | Total LUTs | Logic LUTs | LUTRAMs | SRLs |  FFs  | RAMB36 | RAMB18 | DSP48 Blocks |
+--------------------------------------------------------------------+------------------------------------------------------------------------------------------------------+------------+------------+---------+------+-------+--------+--------+--------------+
| system_wrapper                                                     |                                                                                                (top) |      36201 |      26854 |    9038 |  309 | 21496 |     14 |     14 |           78 |
|   system_i                                                         |                                                                                               system |      36201 |      26854 |    9038 |  309 | 21496 |     14 |     14 |           78 |
|     (system_i)                                                     |                                                                                               system |          0 |          0 |       0 |    0 |     0 |      0 |      0 |            0 |
|     axi_dma_0                                                      |                                                                                   system_axi_dma_0_4 |       2889 |       2668 |      24 |  197 |  4503 |      6 |      4 |            0 |
|       (axi_dma_0)                                                  |                                                                                   system_axi_dma_0_4 |          0 |          0 |       0 |    0 |     0 |      0 |      0 |            0 |
|       U0                                                           |                                                                           system_axi_dma_0_4_axi_dma |       2889 |       2668 |      24 |  197 |  4503 |      6 |      4 |            0 |
|         (U0)                                                       |                                                                           system_axi_dma_0_4_axi_dma |          0 |          0 |       0 |    0 |     0 |      0 |      0 |            0 |
|         INCLUDE_MM2S_SOF_EOF_GENERATOR.I_MM2S_DMA_MNGR             |                                                                 system_axi_dma_0_4_axi_dma_mm2s_mngr |         15 |         15 |       0 |    0 |    77 |      0 |      0 |            0 |
|           (INCLUDE_MM2S_SOF_EOF_GENERATOR.I_MM2S_DMA_MNGR)         |                                                                 system_axi_dma_0_4_axi_dma_mm2s_mngr |          0 |          0 |       0 |    0 |     1 |      0 |      0 |            0 |
|           GEN_MM2S_DMA_CONTROL.GEN_SIMPLE_DMA_MODE.I_MM2S_SMPL_SM  |                                                              system_axi_dma_0_4_axi_dma_smple_sm_108 |          9 |          9 |       0 |    0 |    62 |      0 |      0 |            0 |
|           GEN_MM2S_DMA_CONTROL.I_MM2S_CMDSTS                       |                                                            system_axi_dma_0_4_axi_dma_mm2s_cmdsts_if |          4 |          4 |       0 |    0 |     7 |      0 |      0 |            0 |
|           GEN_MM2S_DMA_CONTROL.I_MM2S_STS_MNGR                     |                                                             system_axi_dma_0_4_axi_dma_mm2s_sts_mngr |          2 |          2 |       0 |    0 |     7 |      0 |      0 |            0 |
|             (GEN_MM2S_DMA_CONTROL.I_MM2S_STS_MNGR)                 |                                                             system_axi_dma_0_4_axi_dma_mm2s_sts_mngr |          2 |          2 |       0 |    0 |     3 |      0 |      0 |            0 |
|             GEN_FOR_ASYNC.AWVLD_CDC_TO                             |                                                                      system_axi_dma_0_4_cdc_sync_109 |          0 |          0 |       0 |    0 |     4 |      0 |      0 |            0 |
|         INCLUDE_MM2S_SOF_EOF_GENERATOR.I_MM2S_SOFEOF_GEN           |                                                                system_axi_dma_0_4_axi_dma_sofeof_gen |          6 |          6 |       0 |    0 |    24 |      0 |      0 |            0 |
|           (INCLUDE_MM2S_SOF_EOF_GENERATOR.I_MM2S_SOFEOF_GEN)       |                                                                system_axi_dma_0_4_axi_dma_sofeof_gen |          2 |          2 |       0 |    0 |    12 |      0 |      0 |            0 |
|           GEN_FOR_ASYNC.EOF_REG2PRMRY                              |                                                                      system_axi_dma_0_4_cdc_sync_105 |          2 |          2 |       0 |    0 |     4 |      0 |      0 |            0 |
|           GEN_FOR_ASYNC.EOF_REG2SCNDRY                             |                                                                      system_axi_dma_0_4_cdc_sync_106 |          1 |          1 |       0 |    0 |     4 |      0 |      0 |            0 |
|           GEN_FOR_ASYNC.SOF_REG2SCNDRY                             |                                                                      system_axi_dma_0_4_cdc_sync_107 |          1 |          1 |       0 |    0 |     4 |      0 |      0 |            0 |
|         INCLUDE_S2MM_SOF_EOF_GENERATOR.I_S2MM_DMA_MNGR             |                                                                 system_axi_dma_0_4_axi_dma_s2mm_mngr |         28 |         28 |       0 |    0 |   102 |      0 |      0 |            0 |
|           (INCLUDE_S2MM_SOF_EOF_GENERATOR.I_S2MM_DMA_MNGR)         |                                                                 system_axi_dma_0_4_axi_dma_s2mm_mngr |          0 |          0 |       0 |    0 |     1 |      0 |      0 |            0 |
|           GEN_S2MM_DMA_CONTROL.GEN_SIMPLE_DMA_MODE.I_S2MM_SMPL_SM  |                                                                  system_axi_dma_0_4_axi_dma_smple_sm |          9 |          9 |       0 |    0 |    62 |      0 |      0 |            0 |
|           GEN_S2MM_DMA_CONTROL.I_S2MM_CMDSTS                       |                                                            system_axi_dma_0_4_axi_dma_s2mm_cmdsts_if |         17 |         17 |       0 |    0 |    32 |      0 |      0 |            0 |
|           GEN_S2MM_DMA_CONTROL.I_S2MM_STS_MNGR                     |                                                             system_axi_dma_0_4_axi_dma_s2mm_sts_mngr |          2 |          2 |       0 |    0 |     7 |      0 |      0 |            0 |
|             (GEN_S2MM_DMA_CONTROL.I_S2MM_STS_MNGR)                 |                                                             system_axi_dma_0_4_axi_dma_s2mm_sts_mngr |          2 |          2 |       0 |    0 |     3 |      0 |      0 |            0 |
|             GEN_FOR_ASYNC.REG_TO_SECONDARY                         |                                                                      system_axi_dma_0_4_cdc_sync_104 |          0 |          0 |       0 |    0 |     4 |      0 |      0 |            0 |
|         INCLUDE_S2MM_SOF_EOF_GENERATOR.I_S2MM_SOFEOF_GEN           |                                                              system_axi_dma_0_4_axi_dma_sofeof_gen_0 |          6 |          6 |       0 |    0 |    24 |      0 |      0 |            0 |
|           (INCLUDE_S2MM_SOF_EOF_GENERATOR.I_S2MM_SOFEOF_GEN)       |                                                              system_axi_dma_0_4_axi_dma_sofeof_gen_0 |          2 |          2 |       0 |    0 |    12 |      0 |      0 |            0 |
|           GEN_FOR_ASYNC.EOF_REG2PRMRY                              |                                                                      system_axi_dma_0_4_cdc_sync_101 |          2 |          2 |       0 |    0 |     4 |      0 |      0 |            0 |
|           GEN_FOR_ASYNC.EOF_REG2SCNDRY                             |                                                                      system_axi_dma_0_4_cdc_sync_102 |          1 |          1 |       0 |    0 |     4 |      0 |      0 |            0 |
|           GEN_FOR_ASYNC.SOF_REG2SCNDRY                             |                                                                      system_axi_dma_0_4_cdc_sync_103 |          1 |          1 |       0 |    0 |     4 |      0 |      0 |            0 |
|         I_AXI_DMA_REG_MODULE                                       |                                                                system_axi_dma_0_4_axi_dma_reg_module |        143 |        143 |       0 |    0 |   526 |      0 |      0 |            0 |
|           (I_AXI_DMA_REG_MODULE)                                   |                                                                system_axi_dma_0_4_axi_dma_reg_module |          2 |          2 |       0 |    0 |     0 |      0 |      0 |            0 |
|           GEN_AXI_LITE_IF.AXI_LITE_IF_I                            |                                                                   system_axi_dma_0_4_axi_dma_lite_if |        120 |        120 |       0 |    0 |   342 |      0 |      0 |            0 |
|             (GEN_AXI_LITE_IF.AXI_LITE_IF_I)                        |                                                                   system_axi_dma_0_4_axi_dma_lite_if |         95 |         95 |       0 |    0 |   117 |      0 |      0 |            0 |
|             GEN_ASYNC_READ.REG_ARVALID_TO_IPCLK                    |                                                          system_axi_dma_0_4_cdc_sync__parameterized3 |          1 |          1 |       0 |    0 |     4 |      0 |      0 |            0 |
|             GEN_ASYNC_READ.REG_DATA2LITE_CLOCK                     |                                                          system_axi_dma_0_4_cdc_sync__parameterized4 |          0 |          0 |       0 |    0 |   128 |      0 |      0 |            0 |
|             GEN_ASYNC_READ.REG_RADDR_TO_IPCLK                      |                                                          system_axi_dma_0_4_cdc_sync__parameterized2 |          0 |          0 |       0 |    0 |    40 |      0 |      0 |            0 |
|             GEN_ASYNC_WRITE.AWVLD_CDC_TO                           |                                                                       system_axi_dma_0_4_cdc_sync_97 |          1 |          1 |       0 |    0 |     4 |      0 |      0 |            0 |
|             GEN_ASYNC_WRITE.REG2_WREADY                            |                                                                       system_axi_dma_0_4_cdc_sync_98 |          1 |          1 |       0 |    0 |     4 |      0 |      0 |            0 |
|             GEN_ASYNC_WRITE.REG3_WREADY                            |                                                                       system_axi_dma_0_4_cdc_sync_99 |          1 |          1 |       0 |    0 |     4 |      0 |      0 |            0 |
|             GEN_ASYNC_WRITE.REG_WADDR_TO_IPCLK                     |                                                          system_axi_dma_0_4_cdc_sync__parameterized0 |          8 |          8 |       0 |    0 |     5 |      0 |      0 |            0 |
|             GEN_ASYNC_WRITE.REG_WADDR_TO_IPCLK1                    |                                                          system_axi_dma_0_4_cdc_sync__parameterized1 |         12 |         12 |       0 |    0 |    32 |      0 |      0 |            0 |
|             GEN_ASYNC_WRITE.WVLD_CDC_TO                            |                                                                      system_axi_dma_0_4_cdc_sync_100 |          1 |          1 |       0 |    0 |     4 |      0 |      0 |            0 |
|           GEN_MM2S_REGISTERS.GEN_INTROUT_ASYNC.PROC_REG_INTR2LITE  |                                                                       system_axi_dma_0_4_cdc_sync_95 |          0 |          0 |       0 |    0 |     4 |      0 |      0 |            0 |
|           GEN_MM2S_REGISTERS.I_MM2S_DMA_REGISTER                   |                                                                  system_axi_dma_0_4_axi_dma_register |         11 |         11 |       0 |    0 |    88 |      0 |      0 |            0 |
|           GEN_S2MM_REGISTERS.GEN_INTROUT_ASYNC.PROC_REG_INTR2LITE  |                                                                       system_axi_dma_0_4_cdc_sync_96 |          0 |          0 |       0 |    0 |     4 |      0 |      0 |            0 |
|           GEN_S2MM_REGISTERS.I_S2MM_DMA_REGISTER                   |                                                             system_axi_dma_0_4_axi_dma_register_s2mm |         10 |         10 |       0 |    0 |    88 |      0 |      0 |            0 |
|         I_PRMRY_DATAMOVER                                          |                                                                     system_axi_dma_0_4_axi_datamover |       2656 |       2435 |      24 |  197 |  3664 |      6 |      4 |            0 |
|           GEN_MM2S_FULL.I_MM2S_FULL_WRAPPER                        |                                                      system_axi_dma_0_4_axi_datamover_mm2s_full_wrap |        874 |        791 |       0 |   83 |  1154 |      3 |      2 |            0 |
|             ENABLE_AXIS_SKID.I_MM2S_SKID_BUF                       |                                                         system_axi_dma_0_4_axi_datamover_skid_buf_51 |        159 |        159 |       0 |    0 |   296 |      0 |      0 |            0 |
|             GEN_INCLUDE_MM2S_SF.I_RD_SF                            |                                                               system_axi_dma_0_4_axi_datamover_rd_sf |        115 |        115 |       0 |    0 |   100 |      2 |      1 |            0 |
|             I_ADDR_CNTL                                            |                                                           system_axi_dma_0_4_axi_datamover_addr_cntl |         50 |         11 |       0 |   39 |    51 |      0 |      0 |            0 |
|             I_CMD_STATUS                                           |                                                          system_axi_dma_0_4_axi_datamover_cmd_status |        219 |        219 |       0 |    0 |   394 |      1 |      1 |            0 |
|             I_MSTR_PCC                                             |                                                                 system_axi_dma_0_4_axi_datamover_pcc |        217 |        217 |       0 |    0 |   208 |      0 |      0 |            0 |
|             I_RD_DATA_CNTL                                         |                                                         system_axi_dma_0_4_axi_datamover_rddata_cntl |        102 |         58 |       0 |   44 |    76 |      0 |      0 |            0 |
|             I_RD_STATUS_CNTLR                                      |                                                      system_axi_dma_0_4_axi_datamover_rd_status_cntl |          2 |          2 |       0 |    0 |    10 |      0 |      0 |            0 |
|             I_RESET                                                |                                                            system_axi_dma_0_4_axi_datamover_reset_52 |         10 |         10 |       0 |    0 |    19 |      0 |      0 |            0 |
|           GEN_S2MM_FULL.I_S2MM_FULL_WRAPPER                        |                                                      system_axi_dma_0_4_axi_datamover_s2mm_full_wrap |       1782 |       1644 |      24 |  114 |  2510 |      3 |      2 |            0 |
|             ENABLE_AXIS_SKID.I_S2MM_STRM_SKID_BUF                  |                                                            system_axi_dma_0_4_axi_datamover_skid_buf |        158 |        158 |       0 |    0 |   296 |      0 |      0 |            0 |
|             GEN_ENABLE_INDET_BTT_SF.I_INDET_BTT                    |                                                           system_axi_dma_0_4_axi_datamover_indet_btt |        380 |        372 |       8 |    0 |   496 |      2 |      1 |            0 |
|             GEN_INCLUDE_IBTTCC.I_S2MM_MSTR_IBTTCC                  |                                                              system_axi_dma_0_4_axi_datamover_ibttcc |        158 |        158 |       0 |    0 |   290 |      0 |      0 |            0 |
|             GEN_INCLUDE_REALIGNER.I_S2MM_REALIGNER                 |                                                        system_axi_dma_0_4_axi_datamover_s2mm_realign |        487 |        445 |      16 |   26 |   528 |      0 |      0 |            0 |
|             I_ADDR_CNTL                                            |                                           system_axi_dma_0_4_axi_datamover_addr_cntl__parameterized0 |         48 |          8 |       0 |   40 |    51 |      0 |      0 |            0 |
|             I_CMD_STATUS                                           |                                          system_axi_dma_0_4_axi_datamover_cmd_status__parameterized0 |        232 |        232 |       0 |    0 |   394 |      1 |      1 |            0 |
|             I_RESET                                                |                                                               system_axi_dma_0_4_axi_datamover_reset |         19 |         19 |       0 |    0 |    19 |      0 |      0 |            0 |
|             I_S2MM_MMAP_SKID_BUF                                   |                                                         system_axi_dma_0_4_axi_datamover_skid2mm_buf |        132 |        132 |       0 |    0 |   294 |      0 |      0 |            0 |
|             I_WR_DATA_CNTL                                         |                                                         system_axi_dma_0_4_axi_datamover_wrdata_cntl |        108 |         92 |       0 |   16 |    83 |      0 |      0 |            0 |
|             I_WR_STATUS_CNTLR                                      |                                                      system_axi_dma_0_4_axi_datamover_wr_status_cntl |         69 |         37 |       0 |   32 |    59 |      0 |      0 |            0 |
|         I_RST_MODULE                                               |                                                                system_axi_dma_0_4_axi_dma_rst_module |         35 |         35 |       0 |    0 |    86 |      0 |      0 |            0 |
|           (I_RST_MODULE)                                           |                                                                system_axi_dma_0_4_axi_dma_rst_module |          4 |          4 |       0 |    0 |     2 |      0 |      0 |            0 |
|           GEN_RESET_FOR_MM2S.RESET_I                               |                                                                     system_axi_dma_0_4_axi_dma_reset |         17 |         17 |       0 |    0 |    39 |      0 |      0 |            0 |
|             (GEN_RESET_FOR_MM2S.RESET_I)                           |                                                                     system_axi_dma_0_4_axi_dma_reset |         15 |         15 |       0 |    0 |    27 |      0 |      0 |            0 |
|             GEN_ASYNC_RESET.GEN_PRMRY_GRTR_EQL_SCNDRY.HALT_PROCESS |                                                                        system_axi_dma_0_4_cdc_sync_6 |          0 |          0 |       0 |    0 |     4 |      0 |      0 |            0 |
|             GEN_ASYNC_RESET.REG_HALT_CMPLT_IN                      |                                                                        system_axi_dma_0_4_cdc_sync_7 |          1 |          1 |       0 |    0 |     4 |      0 |      0 |            0 |
|             GEN_ASYNC_RESET.REG_RESET_OUT                          |                                                                        system_axi_dma_0_4_cdc_sync_8 |          1 |          1 |       0 |    0 |     4 |      0 |      0 |            0 |
|           GEN_RESET_FOR_S2MM.RESET_I                               |                                                                   system_axi_dma_0_4_axi_dma_reset_1 |         14 |         14 |       0 |    0 |    37 |      0 |      0 |            0 |
|             (GEN_RESET_FOR_S2MM.RESET_I)                           |                                                                   system_axi_dma_0_4_axi_dma_reset_1 |         12 |         12 |       0 |    0 |    25 |      0 |      0 |            0 |
|             GEN_ASYNC_RESET.GEN_PRMRY_GRTR_EQL_SCNDRY.HALT_PROCESS |                                                                        system_axi_dma_0_4_cdc_sync_3 |          0 |          0 |       0 |    0 |     4 |      0 |      0 |            0 |
|             GEN_ASYNC_RESET.REG_HALT_CMPLT_IN                      |                                                                        system_axi_dma_0_4_cdc_sync_4 |          1 |          1 |       0 |    0 |     4 |      0 |      0 |            0 |
|             GEN_ASYNC_RESET.REG_RESET_OUT                          |                                                                        system_axi_dma_0_4_cdc_sync_5 |          1 |          1 |       0 |    0 |     4 |      0 |      0 |            0 |
|           REG_HRD_RST                                              |                                                                          system_axi_dma_0_4_cdc_sync |          0 |          0 |       0 |    0 |     4 |      0 |      0 |            0 |
|           REG_HRD_RST_OUT                                          |                                                                        system_axi_dma_0_4_cdc_sync_2 |          0 |          0 |       0 |    0 |     4 |      0 |      0 |            0 |
|     axis_job_fifo                                                  |                                                                               system_axis_job_fifo_4 |        145 |        145 |       0 |    0 |   294 |      4 |      1 |            0 |
|       (axis_job_fifo)                                              |                                                                               system_axis_job_fifo_4 |          0 |          0 |       0 |    0 |     0 |      0 |      0 |            0 |
|       inst                                                         |                                                     system_axis_job_fifo_4_axis_data_fifo_v2_0_2_top |        145 |        145 |       0 |    0 |   294 |      4 |      1 |            0 |
|         (inst)                                                     |                                                     system_axis_job_fifo_4_axis_data_fifo_v2_0_2_top |          0 |          0 |       0 |    0 |     0 |      0 |      0 |            0 |
|         gen_fifo.xpm_fifo_axis_inst                                |                                                                 system_axis_job_fifo_4_xpm_fifo_axis |        145 |        145 |       0 |    0 |   294 |      4 |      1 |            0 |
|           (gen_fifo.xpm_fifo_axis_inst)                            |                                                                 system_axis_job_fifo_4_xpm_fifo_axis |          2 |          2 |       0 |    0 |     0 |      0 |      0 |            0 |
|           gaxis_rst_sync.xpm_cdc_sync_rst_inst                     |                                                           system_axis_job_fifo_4_xpm_cdc_sync_rst__3 |          0 |          0 |       0 |    0 |     3 |      0 |      0 |            0 |
|           xpm_fifo_base_inst                                       |                                                                 system_axis_job_fifo_4_xpm_fifo_base |        143 |        143 |       0 |    0 |   291 |      4 |      1 |            0 |
|             (xpm_fifo_base_inst)                                   |                                                                 system_axis_job_fifo_4_xpm_fifo_base |          4 |          4 |       0 |    0 |     7 |      0 |      0 |            0 |
|             gen_cdc_pntr.rd_pntr_cdc_dc_inst                       |                                                  system_axis_job_fifo_4_xpm_cdc_gray__parameterized1 |         15 |         15 |       0 |    0 |    44 |      0 |      0 |            0 |
|             gen_cdc_pntr.rd_pntr_cdc_inst                          |                                                                  system_axis_job_fifo_4_xpm_cdc_gray |         14 |         14 |       0 |    0 |    40 |      0 |      0 |            0 |
|             gen_cdc_pntr.rpw_gray_reg                              |                                                              system_axis_job_fifo_4_xpm_fifo_reg_vec |          0 |          0 |       0 |    0 |    10 |      0 |      0 |            0 |
|             gen_cdc_pntr.wpr_gray_reg                              |                                                            system_axis_job_fifo_4_xpm_fifo_reg_vec_0 |          7 |          7 |       0 |    0 |    10 |      0 |      0 |            0 |
|             gen_cdc_pntr.wr_pntr_cdc_dc_inst                       |                                                  system_axis_job_fifo_4_xpm_cdc_gray__parameterized0 |         15 |         15 |       0 |    0 |    66 |      0 |      0 |            0 |
|             gen_cdc_pntr.wr_pntr_cdc_inst                          |                                                               system_axis_job_fifo_4_xpm_cdc_gray__2 |         14 |         14 |       0 |    0 |    40 |      0 |      0 |            0 |
|             gen_fwft.rdpp1_inst                                    |                                                              system_axis_job_fifo_4_xpm_counter_updn |         13 |         13 |       0 |    0 |     2 |      0 |      0 |            0 |
|             gen_sdpram.xpm_memory_base_inst                        |                                                               system_axis_job_fifo_4_xpm_memory_base |          0 |          0 |       0 |    0 |     0 |      4 |      1 |            0 |
|             rdp_inst                                               |                                              system_axis_job_fifo_4_xpm_counter_updn__parameterized0 |          3 |          3 |       0 |    0 |    11 |      0 |      0 |            0 |
|             rdpp1_inst                                             |                                              system_axis_job_fifo_4_xpm_counter_updn__parameterized1 |         12 |         12 |       0 |    0 |    10 |      0 |      0 |            0 |
|             rst_d1_inst                                            |                                                              system_axis_job_fifo_4_xpm_fifo_reg_bit |          2 |          2 |       0 |    0 |     1 |      0 |      0 |            0 |
|             wrp_inst                                               |                                            system_axis_job_fifo_4_xpm_counter_updn__parameterized0_1 |          0 |          0 |       0 |    0 |    11 |      0 |      0 |            0 |
|             wrpp1_inst                                             |                                            system_axis_job_fifo_4_xpm_counter_updn__parameterized1_2 |         14 |         14 |       0 |    0 |    10 |      0 |      0 |            0 |
|             wrpp2_inst                                             |                                              system_axis_job_fifo_4_xpm_counter_updn__parameterized2 |         12 |         12 |       0 |    0 |    10 |      0 |      0 |            0 |
|             xpm_fifo_rst_inst                                      |                                                                  system_axis_job_fifo_4_xpm_fifo_rst |         18 |         18 |       0 |    0 |    19 |      0 |      0 |            0 |
|     axis_result_fifo                                               |                                                                            system_axis_result_fifo_4 |        145 |        145 |       0 |    0 |   294 |      4 |      1 |            0 |
|       (axis_result_fifo)                                           |                                                                            system_axis_result_fifo_4 |          0 |          0 |       0 |    0 |     0 |      0 |      0 |            0 |
|       inst                                                         |                                                  system_axis_result_fifo_4_axis_data_fifo_v2_0_2_top |        145 |        145 |       0 |    0 |   294 |      4 |      1 |            0 |
|         (inst)                                                     |                                                  system_axis_result_fifo_4_axis_data_fifo_v2_0_2_top |          0 |          0 |       0 |    0 |     0 |      0 |      0 |            0 |
|         gen_fifo.xpm_fifo_axis_inst                                |                                                              system_axis_result_fifo_4_xpm_fifo_axis |        145 |        145 |       0 |    0 |   294 |      4 |      1 |            0 |
|           (gen_fifo.xpm_fifo_axis_inst)                            |                                                              system_axis_result_fifo_4_xpm_fifo_axis |          2 |          2 |       0 |    0 |     0 |      0 |      0 |            0 |
|           gaxis_rst_sync.xpm_cdc_sync_rst_inst                     |                                                        system_axis_result_fifo_4_xpm_cdc_sync_rst__3 |          0 |          0 |       0 |    0 |     3 |      0 |      0 |            0 |
|           xpm_fifo_base_inst                                       |                                                              system_axis_result_fifo_4_xpm_fifo_base |        143 |        143 |       0 |    0 |   291 |      4 |      1 |            0 |
|             (xpm_fifo_base_inst)                                   |                                                              system_axis_result_fifo_4_xpm_fifo_base |          4 |          4 |       0 |    0 |     7 |      0 |      0 |            0 |
|             gen_cdc_pntr.rd_pntr_cdc_dc_inst                       |                                               system_axis_result_fifo_4_xpm_cdc_gray__parameterized1 |         15 |         15 |       0 |    0 |    44 |      0 |      0 |            0 |
|             gen_cdc_pntr.rd_pntr_cdc_inst                          |                                                               system_axis_result_fifo_4_xpm_cdc_gray |         14 |         14 |       0 |    0 |    40 |      0 |      0 |            0 |
|             gen_cdc_pntr.rpw_gray_reg                              |                                                           system_axis_result_fifo_4_xpm_fifo_reg_vec |          0 |          0 |       0 |    0 |    10 |      0 |      0 |            0 |
|             gen_cdc_pntr.wpr_gray_reg                              |                                                         system_axis_result_fifo_4_xpm_fifo_reg_vec_0 |          7 |          7 |       0 |    0 |    10 |      0 |      0 |            0 |
|             gen_cdc_pntr.wr_pntr_cdc_dc_inst                       |                                               system_axis_result_fifo_4_xpm_cdc_gray__parameterized0 |         15 |         15 |       0 |    0 |    66 |      0 |      0 |            0 |
|             gen_cdc_pntr.wr_pntr_cdc_inst                          |                                                            system_axis_result_fifo_4_xpm_cdc_gray__2 |         14 |         14 |       0 |    0 |    40 |      0 |      0 |            0 |
|             gen_fwft.rdpp1_inst                                    |                                                           system_axis_result_fifo_4_xpm_counter_updn |         13 |         13 |       0 |    0 |     2 |      0 |      0 |            0 |
|             gen_sdpram.xpm_memory_base_inst                        |                                                            system_axis_result_fifo_4_xpm_memory_base |          0 |          0 |       0 |    0 |     0 |      4 |      1 |            0 |
|             rdp_inst                                               |                                           system_axis_result_fifo_4_xpm_counter_updn__parameterized0 |          3 |          3 |       0 |    0 |    11 |      0 |      0 |            0 |
|             rdpp1_inst                                             |                                           system_axis_result_fifo_4_xpm_counter_updn__parameterized1 |         12 |         12 |       0 |    0 |    10 |      0 |      0 |            0 |
|             rst_d1_inst                                            |                                                           system_axis_result_fifo_4_xpm_fifo_reg_bit |          2 |          2 |       0 |    0 |     1 |      0 |      0 |            0 |
|             wrp_inst                                               |                                         system_axis_result_fifo_4_xpm_counter_updn__parameterized0_1 |          0 |          0 |       0 |    0 |    11 |      0 |      0 |            0 |
|             wrpp1_inst                                             |                                         system_axis_result_fifo_4_xpm_counter_updn__parameterized1_2 |         14 |         14 |       0 |    0 |    10 |      0 |      0 |            0 |
|             wrpp2_inst                                             |                                           system_axis_result_fifo_4_xpm_counter_updn__parameterized2 |         12 |         12 |       0 |    0 |    10 |      0 |      0 |            0 |
|             xpm_fifo_rst_inst                                      |                                                               system_axis_result_fifo_4_xpm_fifo_rst |         18 |         18 |       0 |    0 |    19 |      0 |      0 |            0 |
|     dma_ctrl_protocol_converter                                    |                                                                 system_dma_ctrl_protocol_converter_3 |        428 |        363 |       0 |   65 |   564 |      0 |      0 |            0 |
|       (dma_ctrl_protocol_converter)                                |                                                                 system_dma_ctrl_protocol_converter_3 |          0 |          0 |       0 |    0 |     0 |      0 |      0 |            0 |
|       inst                                                         |          system_dma_ctrl_protocol_converter_3__axi_protocol_converter_v2_1_20_axi_protocol_converter |        428 |        363 |       0 |   65 |   564 |      0 |      0 |            0 |
|         (inst)                                                     |          system_dma_ctrl_protocol_converter_3__axi_protocol_converter_v2_1_20_axi_protocol_converter |          0 |          0 |       0 |    0 |     0 |      0 |      0 |            0 |
|         gen_axilite.gen_b2s_conv.axilite_b2s                       |                             system_dma_ctrl_protocol_converter_3__axi_protocol_converter_v2_1_20_b2s |        428 |        363 |       0 |   65 |   564 |      0 |      0 |            0 |
|           (gen_axilite.gen_b2s_conv.axilite_b2s)                   |                             system_dma_ctrl_protocol_converter_3__axi_protocol_converter_v2_1_20_b2s |          1 |          1 |       0 |    0 |     1 |      0 |      0 |            0 |
|           RD.ar_channel_0                                          |                  system_dma_ctrl_protocol_converter_3__axi_protocol_converter_v2_1_20_b2s_ar_channel |         78 |         78 |       0 |    0 |    83 |      0 |      0 |            0 |
|             (RD.ar_channel_0)                                      |                  system_dma_ctrl_protocol_converter_3__axi_protocol_converter_v2_1_20_b2s_ar_channel |          0 |          0 |       0 |    0 |    12 |      0 |      0 |            0 |
|             ar_cmd_fsm_0                                           |                  system_dma_ctrl_protocol_converter_3__axi_protocol_converter_v2_1_20_b2s_rd_cmd_fsm |         22 |         22 |       0 |    0 |     2 |      0 |      0 |            0 |
|             cmd_translator_0                                       |            system_dma_ctrl_protocol_converter_3__axi_protocol_converter_v2_1_20_b2s_cmd_translator_1 |         56 |         56 |       0 |    0 |    69 |      0 |      0 |            0 |
|           RD.r_channel_0                                           |                   system_dma_ctrl_protocol_converter_3__axi_protocol_converter_v2_1_20_b2s_r_channel |         63 |         16 |       0 |   47 |    24 |      0 |      0 |            0 |
|             (RD.r_channel_0)                                       |                   system_dma_ctrl_protocol_converter_3__axi_protocol_converter_v2_1_20_b2s_r_channel |          0 |          0 |       0 |    0 |    14 |      0 |      0 |            0 |
|             rd_data_fifo_0                                         | system_dma_ctrl_protocol_converter_3__axi_protocol_converter_v2_1_20_b2s_simple_fifo__parameterized1 |         41 |          7 |       0 |   34 |     5 |      0 |      0 |            0 |
|             transaction_fifo_0                                     | system_dma_ctrl_protocol_converter_3__axi_protocol_converter_v2_1_20_b2s_simple_fifo__parameterized2 |         22 |          9 |       0 |   13 |     5 |      0 |      0 |            0 |
|           SI_REG                                                   |                  system_dma_ctrl_protocol_converter_3__axi_register_slice_v2_1_20_axi_register_slice |        175 |        175 |       0 |    0 |   352 |      0 |      0 |            0 |
|             ar.ar_pipe                                             |                 system_dma_ctrl_protocol_converter_3__axi_register_slice_v2_1_20_axic_register_slice |         67 |         67 |       0 |    0 |   113 |      0 |      0 |            0 |
|             aw.aw_pipe                                             |               system_dma_ctrl_protocol_converter_3__axi_register_slice_v2_1_20_axic_register_slice_0 |         71 |         71 |       0 |    0 |   113 |      0 |      0 |            0 |
|             b.b_pipe                                               | system_dma_ctrl_protocol_converter_3__axi_register_slice_v2_1_20_axic_register_slice__parameterized1 |         10 |         10 |       0 |    0 |    30 |      0 |      0 |            0 |
|             r.r_pipe                                               | system_dma_ctrl_protocol_converter_3__axi_register_slice_v2_1_20_axic_register_slice__parameterized2 |         27 |         27 |       0 |    0 |    96 |      0 |      0 |            0 |
|           WR.aw_channel_0                                          |                  system_dma_ctrl_protocol_converter_3__axi_protocol_converter_v2_1_20_b2s_aw_channel |         78 |         78 |       0 |    0 |    87 |      0 |      0 |            0 |
|             (WR.aw_channel_0)                                      |                  system_dma_ctrl_protocol_converter_3__axi_protocol_converter_v2_1_20_b2s_aw_channel |          0 |          0 |       0 |    0 |    16 |      0 |      0 |            0 |
|             aw_cmd_fsm_0                                           |                  system_dma_ctrl_protocol_converter_3__axi_protocol_converter_v2_1_20_b2s_wr_cmd_fsm |         11 |         11 |       0 |    0 |     2 |      0 |      0 |            0 |
|             cmd_translator_0                                       |              system_dma_ctrl_protocol_converter_3__axi_protocol_converter_v2_1_20_b2s_cmd_translator |         67 |         67 |       0 |    0 |    69 |      0 |      0 |            0 |
|           WR.b_channel_0                                           |                   system_dma_ctrl_protocol_converter_3__axi_protocol_converter_v2_1_20_b2s_b_channel |         37 |         19 |       0 |   18 |    17 |      0 |      0 |            0 |
|             (WR.b_channel_0)                                       |                   system_dma_ctrl_protocol_converter_3__axi_protocol_converter_v2_1_20_b2s_b_channel |          9 |          9 |       0 |    0 |    13 |      0 |      0 |            0 |
|             bid_fifo_0                                             |                 system_dma_ctrl_protocol_converter_3__axi_protocol_converter_v2_1_20_b2s_simple_fifo |         23 |          7 |       0 |   16 |     2 |      0 |      0 |            0 |
|             bresp_fifo_0                                           | system_dma_ctrl_protocol_converter_3__axi_protocol_converter_v2_1_20_b2s_simple_fifo__parameterized0 |          5 |          3 |       0 |    2 |     2 |      0 |      0 |            0 |
|     dma_irq_concat                                                 |                                                                              system_dma_irq_concat_4 |          0 |          0 |       0 |    0 |     0 |      0 |      0 |            0 |
|     dma_mem_smartconnect                                           |                                                                        system_dma_mem_smartconnect_4 |       3462 |       2483 |     934 |   45 |  5173 |      0 |      0 |            0 |
|       inst                                                         |                                                                system_dma_mem_smartconnect_4_bd_61c5 |       3462 |       2483 |     934 |   45 |  5173 |      0 |      0 |            0 |
|         (inst)                                                     |                                                                system_dma_mem_smartconnect_4_bd_61c5 |          0 |          0 |       0 |    0 |     0 |      0 |      0 |            0 |
|         clk_map                                                    |                                                    system_dma_mem_smartconnect_4_clk_map_imp_1I61YAV |         13 |         12 |       0 |    1 |    22 |      0 |      0 |            0 |
|           psr_aclk                                                 |                                                     system_dma_mem_smartconnect_4_bd_61c5_psr_aclk_0 |         13 |         12 |       0 |    1 |    22 |      0 |      0 |            0 |
|             U0                                                     |                                                         system_dma_mem_smartconnect_4_proc_sys_reset |         13 |         12 |       0 |    1 |    22 |      0 |      0 |            0 |
|         m00_exit_pipeline                                          |                                           system_dma_mem_smartconnect_4_m00_exit_pipeline_imp_GJ8118 |        650 |        627 |       0 |   23 |   961 |      0 |      0 |            0 |
|           m00_exit                                                 |                                                         system_dma_mem_smartconnect_4_bd_61c5_m00e_0 |        650 |        627 |       0 |   23 |   961 |      0 |      0 |            0 |
|             (m00_exit)                                             |                                                         system_dma_mem_smartconnect_4_bd_61c5_m00e_0 |          0 |          0 |       0 |    0 |     0 |      0 |      0 |            0 |
|             inst                                                   |                                                     system_dma_mem_smartconnect_4_sc_exit_v1_0_9_top |        650 |        627 |       0 |   23 |   961 |      0 |      0 |            0 |
|         m00_nodes                                                  |                                                   system_dma_mem_smartconnect_4_m00_nodes_imp_TV6AS0 |        999 |        524 |     474 |    1 |  1135 |      0 |      0 |            0 |
|           m00_ar_node                                              |                                                       system_dma_mem_smartconnect_4_bd_61c5_m00arn_0 |        182 |         76 |     106 |    0 |   211 |      0 |      0 |            0 |
|             (m00_ar_node)                                          |                                                       system_dma_mem_smartconnect_4_bd_61c5_m00arn_0 |          0 |          0 |       0 |    0 |     0 |      0 |      0 |            0 |
|             inst                                                   |                                                    system_dma_mem_smartconnect_4_sc_node_v1_0_10_top |        182 |         76 |     106 |    0 |   211 |      0 |      0 |            0 |
|           m00_aw_node                                              |                                                       system_dma_mem_smartconnect_4_bd_61c5_m00awn_0 |        198 |         91 |     106 |    1 |   220 |      0 |      0 |            0 |
|             (m00_aw_node)                                          |                                                       system_dma_mem_smartconnect_4_bd_61c5_m00awn_0 |          0 |          0 |       0 |    0 |     0 |      0 |      0 |            0 |
|             inst                                                   |                                    system_dma_mem_smartconnect_4_sc_node_v1_0_10_top__parameterized0 |        198 |         91 |     106 |    1 |   220 |      0 |      0 |            0 |
|           m00_b_node                                               |                                                        system_dma_mem_smartconnect_4_bd_61c5_m00bn_0 |        102 |         82 |      20 |    0 |    80 |      0 |      0 |            0 |
|             (m00_b_node)                                           |                                                        system_dma_mem_smartconnect_4_bd_61c5_m00bn_0 |          0 |          0 |       0 |    0 |     0 |      0 |      0 |            0 |
|             inst                                                   |                                    system_dma_mem_smartconnect_4_sc_node_v1_0_10_top__parameterized1 |        102 |         82 |      20 |    0 |    80 |      0 |      0 |            0 |
|           m00_r_node                                               |                                                        system_dma_mem_smartconnect_4_bd_61c5_m00rn_0 |        228 |        112 |     116 |    0 |   379 |      0 |      0 |            0 |
|             (m00_r_node)                                           |                                                        system_dma_mem_smartconnect_4_bd_61c5_m00rn_0 |          0 |          0 |       0 |    0 |     0 |      0 |      0 |            0 |
|             inst                                                   |                                    system_dma_mem_smartconnect_4_sc_node_v1_0_10_top__parameterized2 |        228 |        112 |     116 |    0 |   379 |      0 |      0 |            0 |
|           m00_w_node                                               |                                                        system_dma_mem_smartconnect_4_bd_61c5_m00wn_0 |        289 |        163 |     126 |    0 |   245 |      0 |      0 |            0 |
|             (m00_w_node)                                           |                                                        system_dma_mem_smartconnect_4_bd_61c5_m00wn_0 |          0 |          0 |       0 |    0 |     0 |      0 |      0 |            0 |
|             inst                                                   |                                    system_dma_mem_smartconnect_4_sc_node_v1_0_10_top__parameterized3 |        289 |        163 |     126 |    0 |   245 |      0 |      0 |            0 |
|         s00_entry_pipeline                                         |                                         system_dma_mem_smartconnect_4_s00_entry_pipeline_imp_1F9DMWV |        449 |        448 |       0 |    1 |   719 |      0 |      0 |            0 |
|           s00_mmu                                                  |                                                       system_dma_mem_smartconnect_4_bd_61c5_s00mmu_0 |        248 |        248 |       0 |    0 |   518 |      0 |      0 |            0 |
|             (s00_mmu)                                              |                                                       system_dma_mem_smartconnect_4_bd_61c5_s00mmu_0 |          0 |          0 |       0 |    0 |     0 |      0 |      0 |            0 |
|             inst                                                   |                                                      system_dma_mem_smartconnect_4_sc_mmu_v1_0_8_top |        248 |        248 |       0 |    0 |   518 |      0 |      0 |            0 |
|           s00_si_converter                                         |                                                       system_dma_mem_smartconnect_4_bd_61c5_s00sic_0 |        201 |        200 |       0 |    1 |   201 |      0 |      0 |            0 |
|             (s00_si_converter)                                     |                                                       system_dma_mem_smartconnect_4_bd_61c5_s00sic_0 |          0 |          0 |       0 |    0 |     0 |      0 |      0 |            0 |
|             inst                                                   |                                             system_dma_mem_smartconnect_4_sc_si_converter_v1_0_9_top |        201 |        200 |       0 |    1 |   201 |      0 |      0 |            0 |
|         s00_nodes                                                  |                                                  system_dma_mem_smartconnect_4_s00_nodes_imp_1C0AKO5 |        370 |        152 |     218 |    0 |   422 |      0 |      0 |            0 |
|           s00_ar_node                                              |                                                         system_dma_mem_smartconnect_4_bd_61c5_sarn_0 |        183 |         79 |     104 |    0 |   207 |      0 |      0 |            0 |
|             (s00_ar_node)                                          |                                                         system_dma_mem_smartconnect_4_bd_61c5_sarn_0 |          0 |          0 |       0 |    0 |     0 |      0 |      0 |            0 |
|             inst                                                   |                                    system_dma_mem_smartconnect_4_sc_node_v1_0_10_top__parameterized4 |        183 |         79 |     104 |    0 |   207 |      0 |      0 |            0 |
|           s00_r_node                                               |                                                          system_dma_mem_smartconnect_4_bd_61c5_srn_0 |        187 |         73 |     114 |    0 |   215 |      0 |      0 |            0 |
|             (s00_r_node)                                           |                                                          system_dma_mem_smartconnect_4_bd_61c5_srn_0 |          0 |          0 |       0 |    0 |     0 |      0 |      0 |            0 |
|             inst                                                   |                                    system_dma_mem_smartconnect_4_sc_node_v1_0_10_top__parameterized5 |        187 |         73 |     114 |    0 |   215 |      0 |      0 |            0 |
|         s01_entry_pipeline                                         |                                          system_dma_mem_smartconnect_4_s01_entry_pipeline_imp_9XLKOB |        506 |        487 |       0 |   19 |   820 |      0 |      0 |            0 |
|           s01_mmu                                                  |                                                       system_dma_mem_smartconnect_4_bd_61c5_s01mmu_0 |        198 |        198 |       0 |    0 |   558 |      0 |      0 |            0 |
|             (s01_mmu)                                              |                                                       system_dma_mem_smartconnect_4_bd_61c5_s01mmu_0 |          0 |          0 |       0 |    0 |     0 |      0 |      0 |            0 |
|             inst                                                   |                                      system_dma_mem_smartconnect_4_sc_mmu_v1_0_8_top__parameterized0 |        198 |        198 |       0 |    0 |   558 |      0 |      0 |            0 |
|           s01_si_converter                                         |                                                       system_dma_mem_smartconnect_4_bd_61c5_s01sic_0 |        308 |        289 |       0 |   19 |   262 |      0 |      0 |            0 |
|             (s01_si_converter)                                     |                                                       system_dma_mem_smartconnect_4_bd_61c5_s01sic_0 |          0 |          0 |       0 |    0 |     0 |      0 |      0 |            0 |
|             inst                                                   |                             system_dma_mem_smartconnect_4_sc_si_converter_v1_0_9_top__parameterized0 |        308 |        289 |       0 |   19 |   262 |      0 |      0 |            0 |
|         s01_nodes                                                  |                                                   system_dma_mem_smartconnect_4_s01_nodes_imp_DBU2C3 |        473 |        231 |     242 |    0 |   509 |      0 |      0 |            0 |
|           s01_aw_node                                              |                                                         system_dma_mem_smartconnect_4_bd_61c5_sawn_0 |        183 |         79 |     104 |    0 |   207 |      0 |      0 |            0 |
|             (s01_aw_node)                                          |                                                         system_dma_mem_smartconnect_4_bd_61c5_sawn_0 |          0 |          0 |       0 |    0 |     0 |      0 |      0 |            0 |
|             inst                                                   |                                    system_dma_mem_smartconnect_4_sc_node_v1_0_10_top__parameterized6 |        183 |         79 |     104 |    0 |   207 |      0 |      0 |            0 |
|           s01_b_node                                               |                                                          system_dma_mem_smartconnect_4_bd_61c5_sbn_0 |         90 |         72 |      18 |    0 |    73 |      0 |      0 |            0 |
|             (s01_b_node)                                           |                                                          system_dma_mem_smartconnect_4_bd_61c5_sbn_0 |          0 |          0 |       0 |    0 |     0 |      0 |      0 |            0 |
|             inst                                                   |                                    system_dma_mem_smartconnect_4_sc_node_v1_0_10_top__parameterized7 |         90 |         72 |      18 |    0 |    73 |      0 |      0 |            0 |
|           s01_w_node                                               |                                                          system_dma_mem_smartconnect_4_bd_61c5_swn_0 |        200 |         80 |     120 |    0 |   229 |      0 |      0 |            0 |
|             (s01_w_node)                                           |                                                          system_dma_mem_smartconnect_4_bd_61c5_swn_0 |          0 |          0 |       0 |    0 |     0 |      0 |      0 |            0 |
|             inst                                                   |                                    system_dma_mem_smartconnect_4_sc_node_v1_0_10_top__parameterized8 |        200 |         80 |     120 |    0 |   229 |      0 |      0 |            0 |
|         switchboards                                               |                                               system_dma_mem_smartconnect_4_switchboards_imp_1J778KX |          2 |          2 |       0 |    0 |   585 |      0 |      0 |            0 |
|           ar_switchboard                                           |                                                         system_dma_mem_smartconnect_4_bd_61c5_arsw_0 |          0 |          0 |       0 |    0 |   137 |      0 |      0 |            0 |
|             (ar_switchboard)                                       |                                                         system_dma_mem_smartconnect_4_bd_61c5_arsw_0 |          0 |          0 |       0 |    0 |     0 |      0 |      0 |            0 |
|             inst                                                   |                                              system_dma_mem_smartconnect_4_sc_switchboard_v1_0_6_top |          0 |          0 |       0 |    0 |   137 |      0 |      0 |            0 |
|           aw_switchboard                                           |                                                         system_dma_mem_smartconnect_4_bd_61c5_awsw_0 |          1 |          1 |       0 |    0 |   137 |      0 |      0 |            0 |
|             (aw_switchboard)                                       |                                                         system_dma_mem_smartconnect_4_bd_61c5_awsw_0 |          0 |          0 |       0 |    0 |     0 |      0 |      0 |            0 |
|             inst                                                   |                                           system_dma_mem_smartconnect_4_sc_switchboard_v1_0_6_top__1 |          1 |          1 |       0 |    0 |   137 |      0 |      0 |            0 |
|           b_switchboard                                            |                                                          system_dma_mem_smartconnect_4_bd_61c5_bsw_0 |          0 |          0 |       0 |    0 |     5 |      0 |      0 |            0 |
|             (b_switchboard)                                        |                                                          system_dma_mem_smartconnect_4_bd_61c5_bsw_0 |          0 |          0 |       0 |    0 |     0 |      0 |      0 |            0 |
|             inst                                                   |                              system_dma_mem_smartconnect_4_sc_switchboard_v1_0_6_top__parameterized0 |          0 |          0 |       0 |    0 |     5 |      0 |      0 |            0 |
|           r_switchboard                                            |                                                          system_dma_mem_smartconnect_4_bd_61c5_rsw_0 |          0 |          0 |       0 |    0 |   147 |      0 |      0 |            0 |
|             (r_switchboard)                                        |                                                          system_dma_mem_smartconnect_4_bd_61c5_rsw_0 |          0 |          0 |       0 |    0 |     0 |      0 |      0 |            0 |
|             inst                                                   |                              system_dma_mem_smartconnect_4_sc_switchboard_v1_0_6_top__parameterized1 |          0 |          0 |       0 |    0 |   147 |      0 |      0 |            0 |
|           w_switchboard                                            |                                                          system_dma_mem_smartconnect_4_bd_61c5_wsw_0 |          1 |          1 |       0 |    0 |   159 |      0 |      0 |            0 |
|             (w_switchboard)                                        |                                                          system_dma_mem_smartconnect_4_bd_61c5_wsw_0 |          0 |          0 |       0 |    0 |     0 |      0 |      0 |            0 |
|             inst                                                   |                              system_dma_mem_smartconnect_4_sc_switchboard_v1_0_6_top__parameterized2 |          1 |          1 |       0 |    0 |   159 |      0 |      0 |            0 |
|     generator_accelerator_0                                        |                                                                     system_generator_accelerator_0_5 |      28969 |      20889 |    8080 |    0 | 10437 |      0 |      8 |           78 |
|       (generator_accelerator_0)                                    |                                                                     system_generator_accelerator_0_5 |         99 |         99 |       0 |    0 |     1 |      0 |      0 |            0 |
|       inst                                                         |                                           system_generator_accelerator_0_5_generator_accelerator_top |      28872 |      20792 |    8080 |    0 | 10436 |      0 |      8 |           78 |
|         (inst)                                                     |                                           system_generator_accelerator_0_5_generator_accelerator_top |       2413 |       2413 |       0 |    0 |   903 |      0 |      0 |            0 |
|         u_admet                                                    |                                                     system_generator_accelerator_0_5_admet_predictor |       5813 |       4165 |    1648 |    0 |  2145 |      0 |      0 |           44 |
|           gen_model[0].u_fc_network                                |                                                          system_generator_accelerator_0_5_fc_network |       1450 |       1038 |     412 |    0 |   535 |      0 |      0 |           11 |
|           gen_model[1].u_fc_network                                |                                                       system_generator_accelerator_0_5_fc_network_57 |       1475 |       1063 |     412 |    0 |   537 |      0 |      0 |           11 |
|           gen_model[2].u_fc_network                                |                                                       system_generator_accelerator_0_5_fc_network_58 |       1442 |       1030 |     412 |    0 |   536 |      0 |      0 |           11 |
|           gen_model[3].u_fc_network                                |                                                       system_generator_accelerator_0_5_fc_network_59 |       1446 |       1034 |     412 |    0 |   537 |      0 |      0 |           11 |
|         u_database_bank                                            |                                        system_generator_accelerator_0_5_accelerator_fingerprint_bank |       3556 |       3556 |       0 |    0 |  1024 |      0 |      0 |            0 |
|         u_dma_backend                                              |                                             system_generator_accelerator_0_5_dma_accelerator_backend |       2108 |       1948 |     160 |    0 |   348 |      0 |      0 |            0 |
|           (u_dma_backend)                                          |                                             system_generator_accelerator_0_5_dma_accelerator_backend |       1846 |       1846 |       0 |    0 |   348 |      0 |      0 |            0 |
|           gen_result_bank[0].bank                                  |                                                     system_generator_accelerator_0_5_dma_result_bank |         59 |         19 |      40 |    0 |     0 |      0 |      0 |            0 |
|           gen_result_bank[1].bank                                  |                                                  system_generator_accelerator_0_5_dma_result_bank_54 |         84 |         44 |      40 |    0 |     0 |      0 |      0 |            0 |
|           gen_result_bank[2].bank                                  |                                                  system_generator_accelerator_0_5_dma_result_bank_55 |         71 |         31 |      40 |    0 |     0 |      0 |      0 |            0 |
|           gen_result_bank[3].bank                                  |                                                  system_generator_accelerator_0_5_dma_result_bank_56 |         48 |          8 |      40 |    0 |     0 |      0 |      0 |            0 |
|         u_dma_formatter                                            |                                                system_generator_accelerator_0_5_dma_result_formatter |        491 |        491 |       0 |    0 |   785 |      0 |      0 |            0 |
|         u_dma_frontend                                             |                                             system_generator_accelerator_0_5_dma_task_queue_frontend |        505 |        505 |       0 |    0 |   647 |      0 |      0 |            0 |
|         u_dma_queue                                                |                                                      system_generator_accelerator_0_5_dma_task_queue |        476 |        476 |       0 |    0 |   423 |      0 |      0 |            0 |
|         u_gnn                                                      |                                                 system_generator_accelerator_0_5_gnn_message_passing |      11717 |       5445 |    6272 |    0 |  2613 |      0 |      8 |           32 |
|           (u_gnn)                                                  |                                                 system_generator_accelerator_0_5_gnn_message_passing |       3987 |       3859 |     128 |    0 |  2613 |      0 |      0 |           32 |
|           gen_feature_bank[0].bank                                 |                                                       system_generator_accelerator_0_5_gnn_dist_bank |        144 |         16 |     128 |    0 |     0 |      0 |      0 |            0 |
|           gen_feature_bank[10].bank                                |                                                     system_generator_accelerator_0_5_gnn_dist_bank_1 |        144 |         16 |     128 |    0 |     0 |      0 |      0 |            0 |
|           gen_feature_bank[11].bank                                |                                                     system_generator_accelerator_0_5_gnn_dist_bank_2 |        144 |         16 |     128 |    0 |     0 |      0 |      0 |            0 |
|           gen_feature_bank[12].bank                                |                                                     system_generator_accelerator_0_5_gnn_dist_bank_3 |        144 |         16 |     128 |    0 |     0 |      0 |      0 |            0 |
|           gen_feature_bank[13].bank                                |                                                     system_generator_accelerator_0_5_gnn_dist_bank_4 |        144 |         16 |     128 |    0 |     0 |      0 |      0 |            0 |
|           gen_feature_bank[14].bank                                |                                                     system_generator_accelerator_0_5_gnn_dist_bank_5 |        145 |         17 |     128 |    0 |     0 |      0 |      0 |            0 |
|           gen_feature_bank[15].bank                                |                                                     system_generator_accelerator_0_5_gnn_dist_bank_6 |        144 |         16 |     128 |    0 |     0 |      0 |      0 |            0 |
|           gen_feature_bank[1].bank                                 |                                                     system_generator_accelerator_0_5_gnn_dist_bank_7 |        144 |         16 |     128 |    0 |     0 |      0 |      0 |            0 |
|           gen_feature_bank[2].bank                                 |                                                     system_generator_accelerator_0_5_gnn_dist_bank_8 |        144 |         16 |     128 |    0 |     0 |      0 |      0 |            0 |
|           gen_feature_bank[3].bank                                 |                                                     system_generator_accelerator_0_5_gnn_dist_bank_9 |        144 |         16 |     128 |    0 |     0 |      0 |      0 |            0 |
|           gen_feature_bank[4].bank                                 |                                                    system_generator_accelerator_0_5_gnn_dist_bank_10 |        144 |         16 |     128 |    0 |     0 |      0 |      0 |            0 |
|           gen_feature_bank[5].bank                                 |                                                    system_generator_accelerator_0_5_gnn_dist_bank_11 |        144 |         16 |     128 |    0 |     0 |      0 |      0 |            0 |
|           gen_feature_bank[6].bank                                 |                                                    system_generator_accelerator_0_5_gnn_dist_bank_12 |        144 |         16 |     128 |    0 |     0 |      0 |      0 |            0 |
|           gen_feature_bank[7].bank                                 |                                                    system_generator_accelerator_0_5_gnn_dist_bank_13 |        144 |         16 |     128 |    0 |     0 |      0 |      0 |            0 |
|           gen_feature_bank[8].bank                                 |                                                    system_generator_accelerator_0_5_gnn_dist_bank_14 |        144 |         16 |     128 |    0 |     0 |      0 |      0 |            0 |
|           gen_feature_bank[9].bank                                 |                                                    system_generator_accelerator_0_5_gnn_dist_bank_15 |        144 |         16 |     128 |    0 |     0 |      0 |      0 |            0 |
|           gen_output_bank[0].bank                                  |                                                      system_generator_accelerator_0_5_gnn_block_bank |         81 |         81 |       0 |    0 |     0 |      0 |      1 |            0 |
|           gen_output_bank[1].bank                                  |                                                   system_generator_accelerator_0_5_gnn_block_bank_16 |         80 |         80 |       0 |    0 |     0 |      0 |      1 |            0 |
|           gen_output_bank[2].bank                                  |                                                   system_generator_accelerator_0_5_gnn_block_bank_17 |         80 |         80 |       0 |    0 |     0 |      0 |      1 |            0 |
|           gen_output_bank[3].bank                                  |                                                   system_generator_accelerator_0_5_gnn_block_bank_18 |        139 |        139 |       0 |    0 |     0 |      0 |      1 |            0 |
|           gen_output_bank[4].bank                                  |                                                   system_generator_accelerator_0_5_gnn_block_bank_19 |         80 |         80 |       0 |    0 |     0 |      0 |      1 |            0 |
|           gen_output_bank[5].bank                                  |                                                   system_generator_accelerator_0_5_gnn_block_bank_20 |         80 |         80 |       0 |    0 |     0 |      0 |      1 |            0 |
|           gen_output_bank[6].bank                                  |                                                   system_generator_accelerator_0_5_gnn_block_bank_21 |         80 |         80 |       0 |    0 |     0 |      0 |      1 |            0 |
|           gen_output_bank[7].bank                                  |                                                   system_generator_accelerator_0_5_gnn_block_bank_22 |        112 |        112 |       0 |    0 |     0 |      0 |      1 |            0 |
|           gen_weight_bank[0].bank                                  |                                       system_generator_accelerator_0_5_gnn_dist_bank__parameterized0 |        146 |         18 |     128 |    0 |     0 |      0 |      0 |            0 |
|           gen_weight_bank[10].bank                                 |                                    system_generator_accelerator_0_5_gnn_dist_bank__parameterized0_23 |        147 |         19 |     128 |    0 |     0 |      0 |      0 |            0 |
|           gen_weight_bank[11].bank                                 |                                    system_generator_accelerator_0_5_gnn_dist_bank__parameterized0_24 |        147 |         19 |     128 |    0 |     0 |      0 |      0 |            0 |
|           gen_weight_bank[12].bank                                 |                                    system_generator_accelerator_0_5_gnn_dist_bank__parameterized0_25 |        147 |         19 |     128 |    0 |     0 |      0 |      0 |            0 |
|           gen_weight_bank[13].bank                                 |                                    system_generator_accelerator_0_5_gnn_dist_bank__parameterized0_26 |        147 |         19 |     128 |    0 |     0 |      0 |      0 |            0 |
|           gen_weight_bank[14].bank                                 |                                    system_generator_accelerator_0_5_gnn_dist_bank__parameterized0_27 |        146 |         18 |     128 |    0 |     0 |      0 |      0 |            0 |
|           gen_weight_bank[15].bank                                 |                                    system_generator_accelerator_0_5_gnn_dist_bank__parameterized0_28 |        146 |         18 |     128 |    0 |     0 |      0 |      0 |            0 |
|           gen_weight_bank[16].bank                                 |                                    system_generator_accelerator_0_5_gnn_dist_bank__parameterized0_29 |        147 |         19 |     128 |    0 |     0 |      0 |      0 |            0 |
|           gen_weight_bank[17].bank                                 |                                    system_generator_accelerator_0_5_gnn_dist_bank__parameterized0_30 |        147 |         19 |     128 |    0 |     0 |      0 |      0 |            0 |
|           gen_weight_bank[18].bank                                 |                                    system_generator_accelerator_0_5_gnn_dist_bank__parameterized0_31 |        147 |         19 |     128 |    0 |     0 |      0 |      0 |            0 |
|           gen_weight_bank[19].bank                                 |                                    system_generator_accelerator_0_5_gnn_dist_bank__parameterized0_32 |        147 |         19 |     128 |    0 |     0 |      0 |      0 |            0 |
|           gen_weight_bank[1].bank                                  |                                    system_generator_accelerator_0_5_gnn_dist_bank__parameterized0_33 |        148 |         20 |     128 |    0 |     0 |      0 |      0 |            0 |
|           gen_weight_bank[20].bank                                 |                                    system_generator_accelerator_0_5_gnn_dist_bank__parameterized0_34 |        147 |         19 |     128 |    0 |     0 |      0 |      0 |            0 |
|           gen_weight_bank[21].bank                                 |                                    system_generator_accelerator_0_5_gnn_dist_bank__parameterized0_35 |        147 |         19 |     128 |    0 |     0 |      0 |      0 |            0 |
|           gen_weight_bank[22].bank                                 |                                    system_generator_accelerator_0_5_gnn_dist_bank__parameterized0_36 |        146 |         18 |     128 |    0 |     0 |      0 |      0 |            0 |
|           gen_weight_bank[23].bank                                 |                                    system_generator_accelerator_0_5_gnn_dist_bank__parameterized0_37 |        146 |         18 |     128 |    0 |     0 |      0 |      0 |            0 |
|           gen_weight_bank[24].bank                                 |                                    system_generator_accelerator_0_5_gnn_dist_bank__parameterized0_38 |        147 |         19 |     128 |    0 |     0 |      0 |      0 |            0 |
|           gen_weight_bank[25].bank                                 |                                    system_generator_accelerator_0_5_gnn_dist_bank__parameterized0_39 |        147 |         19 |     128 |    0 |     0 |      0 |      0 |            0 |
|           gen_weight_bank[26].bank                                 |                                    system_generator_accelerator_0_5_gnn_dist_bank__parameterized0_40 |        147 |         19 |     128 |    0 |     0 |      0 |      0 |            0 |
|           gen_weight_bank[27].bank                                 |                                    system_generator_accelerator_0_5_gnn_dist_bank__parameterized0_41 |        147 |         19 |     128 |    0 |     0 |      0 |      0 |            0 |
|           gen_weight_bank[28].bank                                 |                                    system_generator_accelerator_0_5_gnn_dist_bank__parameterized0_42 |        147 |         19 |     128 |    0 |     0 |      0 |      0 |            0 |
|           gen_weight_bank[29].bank                                 |                                    system_generator_accelerator_0_5_gnn_dist_bank__parameterized0_43 |        147 |         19 |     128 |    0 |     0 |      0 |      0 |            0 |
|           gen_weight_bank[2].bank                                  |                                    system_generator_accelerator_0_5_gnn_dist_bank__parameterized0_44 |        146 |         18 |     128 |    0 |     0 |      0 |      0 |            0 |
|           gen_weight_bank[30].bank                                 |                                    system_generator_accelerator_0_5_gnn_dist_bank__parameterized0_45 |        146 |         18 |     128 |    0 |     0 |      0 |      0 |            0 |
|           gen_weight_bank[31].bank                                 |                                    system_generator_accelerator_0_5_gnn_dist_bank__parameterized0_46 |        146 |         18 |     128 |    0 |     0 |      0 |      0 |            0 |
|           gen_weight_bank[3].bank                                  |                                    system_generator_accelerator_0_5_gnn_dist_bank__parameterized0_47 |        146 |         18 |     128 |    0 |     0 |      0 |      0 |            0 |
|           gen_weight_bank[4].bank                                  |                                    system_generator_accelerator_0_5_gnn_dist_bank__parameterized0_48 |        146 |         18 |     128 |    0 |     0 |      0 |      0 |            0 |
|           gen_weight_bank[5].bank                                  |                                    system_generator_accelerator_0_5_gnn_dist_bank__parameterized0_49 |        146 |         18 |     128 |    0 |     0 |      0 |      0 |            0 |
|           gen_weight_bank[6].bank                                  |                                    system_generator_accelerator_0_5_gnn_dist_bank__parameterized0_50 |        146 |         18 |     128 |    0 |     0 |      0 |      0 |            0 |
|           gen_weight_bank[7].bank                                  |                                    system_generator_accelerator_0_5_gnn_dist_bank__parameterized0_51 |        147 |         19 |     128 |    0 |     0 |      0 |      0 |            0 |
|           gen_weight_bank[8].bank                                  |                                    system_generator_accelerator_0_5_gnn_dist_bank__parameterized0_52 |        147 |         19 |     128 |    0 |     0 |      0 |      0 |            0 |
|           gen_weight_bank[9].bank                                  |                                    system_generator_accelerator_0_5_gnn_dist_bank__parameterized0_53 |        147 |         19 |     128 |    0 |     0 |      0 |      0 |            0 |
|         u_query_bank                                               |                                      system_generator_accelerator_0_5_accelerator_fingerprint_bank_0 |        718 |        718 |       0 |    0 |  1024 |      0 |      0 |            0 |
|         u_tanimoto                                                 |                                                system_generator_accelerator_0_5_tanimoto_accelerator |       1081 |       1081 |       0 |    0 |   524 |      0 |      0 |            2 |
|     processing_system7_0                                           |                                                                        system_processing_system7_0_0 |        112 |        112 |       0 |    0 |     0 |      0 |      0 |            0 |
|       (processing_system7_0)                                       |                                                                        system_processing_system7_0_0 |          0 |          0 |       0 |    0 |     0 |      0 |      0 |            0 |
|       inst                                                         |                             system_processing_system7_0_0_processing_system7_v5_5_processing_system7 |        112 |        112 |       0 |    0 |     0 |      0 |      0 |            0 |
|     ps_axi3_lite_bridge_0                                          |                                                                       system_ps_axi3_lite_bridge_0_0 |         14 |         14 |       0 |    0 |   151 |      0 |      0 |            0 |
|       inst                                                         |                                                system_ps_axi3_lite_bridge_0_0_ps_axi3_to_axil_bridge |         14 |         14 |       0 |    0 |   151 |      0 |      0 |            0 |
|     reset_const_0                                                  |                                                                               system_reset_const_0_0 |          0 |          0 |       0 |    0 |     0 |      0 |      0 |            0 |
|     reset_const_1                                                  |                                                                               system_reset_const_1_0 |          0 |          0 |       0 |    0 |     0 |      0 |      0 |            0 |
|     rst_ps7_0_100M                                                 |                                                                              system_rst_ps7_0_100M_0 |         18 |         17 |       0 |    1 |    40 |      0 |      0 |            0 |
|       U0                                                           |                                                              system_rst_ps7_0_100M_0__proc_sys_reset |         18 |         17 |       0 |    1 |    40 |      0 |      0 |            0 |
|         (U0)                                                       |                                                              system_rst_ps7_0_100M_0__proc_sys_reset |          0 |          0 |       0 |    0 |     5 |      0 |      0 |            0 |
|         EXT_LPF                                                    |                                                                         system_rst_ps7_0_100M_0__lpf |          5 |          4 |       0 |    1 |    17 |      0 |      0 |            0 |
|           (EXT_LPF)                                                |                                                                         system_rst_ps7_0_100M_0__lpf |          2 |          1 |       0 |    1 |     9 |      0 |      0 |            0 |
|           ACTIVE_HIGH_AUX.ACT_HI_AUX                               |                                                                    system_rst_ps7_0_100M_0__cdc_sync |          1 |          1 |       0 |    0 |     4 |      0 |      0 |            0 |
|           ACTIVE_LOW_EXT.ACT_LO_EXT                                |                                                                  system_rst_ps7_0_100M_0__cdc_sync_0 |          2 |          2 |       0 |    0 |     4 |      0 |      0 |            0 |
|         SEQ                                                        |                                                                system_rst_ps7_0_100M_0__sequence_psr |         13 |         13 |       0 |    0 |    18 |      0 |      0 |            0 |
|           (SEQ)                                                    |                                                                system_rst_ps7_0_100M_0__sequence_psr |          8 |          8 |       0 |    0 |    12 |      0 |      0 |            0 |
|           SEQ_COUNTER                                              |                                                                     system_rst_ps7_0_100M_0__upcnt_n |          5 |          5 |       0 |    0 |     6 |      0 |      0 |            0 |
|     rst_ps7_0_150M                                                 |                                                                              system_rst_ps7_0_150M_4 |         19 |         18 |       0 |    1 |    40 |      0 |      0 |            0 |
|       U0                                                           |                                                               system_rst_ps7_0_150M_4_proc_sys_reset |         19 |         18 |       0 |    1 |    40 |      0 |      0 |            0 |
|         (U0)                                                       |                                                               system_rst_ps7_0_150M_4_proc_sys_reset |          0 |          0 |       0 |    0 |     5 |      0 |      0 |            0 |
|         EXT_LPF                                                    |                                                                          system_rst_ps7_0_150M_4_lpf |          6 |          5 |       0 |    1 |    17 |      0 |      0 |            0 |
|           (EXT_LPF)                                                |                                                                          system_rst_ps7_0_150M_4_lpf |          2 |          1 |       0 |    1 |     9 |      0 |      0 |            0 |
|           ACTIVE_LOW_AUX.ACT_LO_AUX                                |                                                                     system_rst_ps7_0_150M_4_cdc_sync |          2 |          2 |       0 |    0 |     4 |      0 |      0 |            0 |
|           ACTIVE_LOW_EXT.ACT_LO_EXT                                |                                                                   system_rst_ps7_0_150M_4_cdc_sync_0 |          2 |          2 |       0 |    0 |     4 |      0 |      0 |            0 |
|         SEQ                                                        |                                                                 system_rst_ps7_0_150M_4_sequence_psr |         13 |         13 |       0 |    0 |    18 |      0 |      0 |            0 |
|           (SEQ)                                                    |                                                                 system_rst_ps7_0_150M_4_sequence_psr |          8 |          8 |       0 |    0 |    12 |      0 |      0 |            0 |
|           SEQ_COUNTER                                              |                                                                      system_rst_ps7_0_150M_4_upcnt_n |          5 |          5 |       0 |    0 |     6 |      0 |      0 |            0 |
+--------------------------------------------------------------------+------------------------------------------------------------------------------------------------------+------------+------------+---------+------+-------+--------+--------+--------------+
